Component: ARM Compiler 5.06 update 2 (build 183) Tool: armlink [4d35b7]

==============================================================================

Section Cross References

    event_groups.o(i.vEventGroupClearBitsCallback) refers to event_groups.o(i.xEventGroupClearBits) for xEventGroupClearBits
    event_groups.o(i.vEventGroupDelete) refers to tasks.o(i.vTaskSuspendAll) for vTaskSuspendAll
    event_groups.o(i.vEventGroupDelete) refers to main.o(i.assert_failed) for assert_failed
    event_groups.o(i.vEventGroupDelete) refers to tasks.o(i.xTaskRemoveFromUnorderedEventList) for xTaskRemoveFromUnorderedEventList
    event_groups.o(i.vEventGroupDelete) refers to heap_4.o(i.vPortFree) for vPortFree
    event_groups.o(i.vEventGroupDelete) refers to tasks.o(i.xTaskResumeAll) for xTaskResumeAll
    event_groups.o(i.vEventGroupDelete) refers to event_groups.o(.constdata) for .constdata
    event_groups.o(i.vEventGroupSetBitsCallback) refers to event_groups.o(i.xEventGroupSetBits) for xEventGroupSetBits
    event_groups.o(i.xEventGroupClearBits) refers to main.o(i.assert_failed) for assert_failed
    event_groups.o(i.xEventGroupClearBits) refers to port.o(i.vPortEnterCritical) for vPortEnterCritical
    event_groups.o(i.xEventGroupClearBits) refers to port.o(i.vPortExitCritical) for vPortExitCritical
    event_groups.o(i.xEventGroupClearBits) refers to event_groups.o(.constdata) for .constdata
    event_groups.o(i.xEventGroupCreate) refers to heap_4.o(i.pvPortMalloc) for pvPortMalloc
    event_groups.o(i.xEventGroupCreate) refers to list.o(i.vListInitialise) for vListInitialise
    event_groups.o(i.xEventGroupSetBits) refers to main.o(i.assert_failed) for assert_failed
    event_groups.o(i.xEventGroupSetBits) refers to tasks.o(i.vTaskSuspendAll) for vTaskSuspendAll
    event_groups.o(i.xEventGroupSetBits) refers to tasks.o(i.xTaskRemoveFromUnorderedEventList) for xTaskRemoveFromUnorderedEventList
    event_groups.o(i.xEventGroupSetBits) refers to tasks.o(i.xTaskResumeAll) for xTaskResumeAll
    event_groups.o(i.xEventGroupSetBits) refers to event_groups.o(.constdata) for .constdata
    event_groups.o(i.xEventGroupSync) refers to main.o(i.assert_failed) for assert_failed
    event_groups.o(i.xEventGroupSync) refers to tasks.o(i.xTaskGetSchedulerState) for xTaskGetSchedulerState
    event_groups.o(i.xEventGroupSync) refers to tasks.o(i.vTaskSuspendAll) for vTaskSuspendAll
    event_groups.o(i.xEventGroupSync) refers to event_groups.o(i.xEventGroupSetBits) for xEventGroupSetBits
    event_groups.o(i.xEventGroupSync) refers to tasks.o(i.vTaskPlaceOnUnorderedEventList) for vTaskPlaceOnUnorderedEventList
    event_groups.o(i.xEventGroupSync) refers to tasks.o(i.xTaskResumeAll) for xTaskResumeAll
    event_groups.o(i.xEventGroupSync) refers to tasks.o(i.uxTaskResetEventItemValue) for uxTaskResetEventItemValue
    event_groups.o(i.xEventGroupSync) refers to port.o(i.vPortEnterCritical) for vPortEnterCritical
    event_groups.o(i.xEventGroupSync) refers to port.o(i.vPortExitCritical) for vPortExitCritical
    event_groups.o(i.xEventGroupSync) refers to event_groups.o(.constdata) for .constdata
    event_groups.o(i.xEventGroupWaitBits) refers to main.o(i.assert_failed) for assert_failed
    event_groups.o(i.xEventGroupWaitBits) refers to tasks.o(i.xTaskGetSchedulerState) for xTaskGetSchedulerState
    event_groups.o(i.xEventGroupWaitBits) refers to tasks.o(i.vTaskSuspendAll) for vTaskSuspendAll
    event_groups.o(i.xEventGroupWaitBits) refers to event_groups.o(i.prvTestWaitCondition) for prvTestWaitCondition
    event_groups.o(i.xEventGroupWaitBits) refers to tasks.o(i.vTaskPlaceOnUnorderedEventList) for vTaskPlaceOnUnorderedEventList
    event_groups.o(i.xEventGroupWaitBits) refers to tasks.o(i.xTaskResumeAll) for xTaskResumeAll
    event_groups.o(i.xEventGroupWaitBits) refers to tasks.o(i.uxTaskResetEventItemValue) for uxTaskResetEventItemValue
    event_groups.o(i.xEventGroupWaitBits) refers to port.o(i.vPortEnterCritical) for vPortEnterCritical
    event_groups.o(i.xEventGroupWaitBits) refers to port.o(i.vPortExitCritical) for vPortExitCritical
    event_groups.o(i.xEventGroupWaitBits) refers to event_groups.o(.constdata) for .constdata
    tasks.o(i.eTaskConfirmSleepModeStatus) refers to tasks.o(.bss) for .bss
    tasks.o(i.eTaskConfirmSleepModeStatus) refers to tasks.o(.data) for .data
    tasks.o(i.prvAddCurrentTaskToDelayedList) refers to list.o(i.vListInsert) for vListInsert
    tasks.o(i.prvAddCurrentTaskToDelayedList) refers to tasks.o(.data) for .data
    tasks.o(i.prvCheckTasksWaitingTermination) refers to tasks.o(i.vTaskSuspendAll) for vTaskSuspendAll
    tasks.o(i.prvCheckTasksWaitingTermination) refers to tasks.o(i.xTaskResumeAll) for xTaskResumeAll
    tasks.o(i.prvCheckTasksWaitingTermination) refers to port.o(i.vPortEnterCritical) for vPortEnterCritical
    tasks.o(i.prvCheckTasksWaitingTermination) refers to list.o(i.uxListRemove) for uxListRemove
[...]
    vTaskPriorityInherit                     0x0801aadd   Thumb Code   124  tasks.o(i.vTaskPriorityInherit)
    vTaskSetTimeOutState                     0x0801ab61   Thumb Code    42  tasks.o(i.vTaskSetTimeOutState)
    vTaskStartScheduler                      0x0801ab95   Thumb Code   108  tasks.o(i.vTaskStartScheduler)
    vTaskStepTick                            0x0801ac15   Thumb Code    48  tasks.o(i.vTaskStepTick)
    vTaskSuspendAll                          0x0801ac4d   Thumb Code    10  tasks.o(i.vTaskSuspendAll)
    vTaskSwitchContext                       0x0801ac5d   Thumb Code   134  tasks.o(i.vTaskSwitchContext)
    xPortStartScheduler                      0x0801ad29   Thumb Code   226  port.o(i.xPortStartScheduler)
    xPortSysTickHandler                      0x0801ae25   Thumb Code    38  port.o(i.xPortSysTickHandler)
    xQueueCreateMutex                        0x0801ae51   Thumb Code    74  queue.o(i.xQueueCreateMutex)
    xQueueGenericCreate                      0x0801ae9d   Thumb Code   124  queue.o(i.xQueueGenericCreate)
    xQueueGenericReceive                     0x0801af1d   Thumb Code   382  queue.o(i.xQueueGenericReceive)
    xQueueGenericReset                       0x0801b0a5   Thumb Code   134  queue.o(i.xQueueGenericReset)
    xQueueGenericSend                        0x0801b135   Thumb Code   380  queue.o(i.xQueueGenericSend)
    xQueueGenericSendFromISR                 0x0801b2b9   Thumb Code   206  queue.o(i.xQueueGenericSendFromISR)
    xQueueGiveFromISR                        0x0801b38d   Thumb Code   180  queue.o(i.xQueueGiveFromISR)
    xQueueReceiveFromISR                     0x0801b445   Thumb Code   156  queue.o(i.xQueueReceiveFromISR)
    xTaskCheckForTimeOut                     0x0801b4e5   Thumb Code   118  tasks.o(i.xTaskCheckForTimeOut)
    xTaskGenericCreate                       0x0801b565   Thumb Code   450  tasks.o(i.xTaskGenericCreate)
    xTaskGetCurrentTaskHandle                0x0801b741   Thumb Code     6  tasks.o(i.xTaskGetCurrentTaskHandle)
    xTaskGetSchedulerState                   0x0801b74d   Thumb Code    22  tasks.o(i.xTaskGetSchedulerState)
    xTaskGetTickCount                        0x0801b769   Thumb Code     6  tasks.o(i.xTaskGetTickCount)
    xTaskIncrementTick                       0x0801b775   Thumb Code   202  tasks.o(i.xTaskIncrementTick)
    xTaskPriorityDisinherit                  0x0801b84d   Thumb Code   160  tasks.o(i.xTaskPriorityDisinherit)
    xTaskRemoveFromEventList                 0x0801b8f9   Thumb Code   122  tasks.o(i.xTaskRemoveFromEventList)
    xTaskResumeAll                           0x0801b981   Thumb Code   188  tasks.o(i.xTaskResumeAll)
    xTimerCreate                             0x0801ba4d   Thumb Code    84  timers.o(i.xTimerCreate)
    xTimerCreateTimerTask                    0x0801baa5   Thumb Code    72  timers.o(i.xTimerCreateTimerTask)
    xTimerGenericCommand                     0x0801bb01   Thumb Code   108  timers.o(i.xTimerGenericCommand)
    AHBPrescTable                            0x0801dacc   Data          16  system_stm32l4xx.o(.constdata)
    MSIRangeTable                            0x0801dadc   Data          48  system_stm32l4xx.o(.constdata)
    APBPrescTable                            0x0801db0c   Data           8  system_stm32l4xx.o(.constdata)
    adcTable                                 0x0801db70   Data          18  pmsrv.o(.constdata)
    tab                                      0x0801db94   Data           3  testapp.o(.constdata)
    bsKey                                    0x0801db97   Data           4  testapp.o(.constdata)
    prompt                                   0x0801db9b   Data           7  testapp.o(.constdata)
    cmdTable                                 0x0801dbac   Data         324  testapp.o(.constdata)
    eCmd                                     0x0801dcf0   Data          19  testapp.o(.constdata)
    sCmd                                     0x0801dd03   Data          21  testapp.o(.constdata)
    fCmd                                     0x0801dd18   Data          17  testapp.o(.constdata)
    exitCmd                                  0x0801dd29   Data          20  testapp.o(.constdata)
    hintCmd                                  0x0801dd3d   Data          16  testapp.o(.constdata)
    title                                    0x0801dd4d   Data          25  testapp.o(.constdata)
    line                                     0x0801dd66   Data          31  testapp.o(.constdata)
    overMaxLen                               0x0801dd85   Data          23  testapp.o(.constdata)
    illeChar                                 0x0801dd9c   Data          20  testapp.o(.constdata)
    __ctype_table                            0x0801de78   Data         129  ctype_o.o(.constdata)
    __mathlib_zero                           0x0801df00   Data           8  qnan.o(.constdata)
    Region$$Table$$Base                      0x0801e210   Number         0  anon$$obj.o(Region$$Table)
    Region$$Table$$Limit                     0x0801e240   Number         0  anon$$obj.o(Region$$Table)
    ucHeap                                   0x10000000   Data       32768  genapi.o(.ccm)
    pxCurrentTCB                             0x20000000   Data           4  tasks.o(.data)
    USER_Driver                              0x20000084   Data          20  user_diskio.o(.data)
    retUSER                                  0x20000098   Data           1  fatfs.o(.data)
    USER_Path                                0x20000099   Data           4  fatfs.o(.data)
    TestAppHandle                            0x200000a4   Data           4  main.o(.data)
    smTaskHandle                             0x200000a8   Data           4  main.o(.data)
    taskPmHandle                             0x200000ac   Data           4  main.o(.data)
    uwTick                                   0x200000b0   Data           4  stm32l4xx_hal.o(.data)
    SystemCoreClock                          0x200000b4   Data           4  system_stm32l4xx.o(.data)
    cm                                       0x200000b8   Data           4  cmapi.o(.data)
    CmdCplt                                  0x200000c4   Data           1  fmapi.o(.data)
    RxCplt                                   0x200000c5   Data           1  fmapi.o(.data)
    TxCplt                                   0x200000c6   Data           1  fmapi.o(.data)
    StatusMatch                              0x200000c7   Data           1  fmapi.o(.data)
    Mutex_QSPI                               0x200000c8   Data           4  fmapi.o(.data)
    Mutex_I2C                                0x200000cc   Data           4  genapi.o(.data)
    pmQueueHandle                            0x200000e0   Data           4  pmapi.o(.data)
    pmBattTimerHandle                        0x200000e8   Data           4  pmapi.o(.data)
    pmKeyTimerHandle                         0x200000ec   Data           4  pmapi.o(.data)
    smQueueHandle                            0x20000108   Data           4  smsrv.o(.data)
    logSuppress                              0x20000120   Data           1  testapp.o(.data)
    Int_complete                             0x20000121   Data           1  testapp.o(.data)
    testQueueHandle                          0x20000124   Data           4  testapp.o(.data)
    __stdout                                 0x2000013c   Data           4  stdout.o(.data)
    xQueueRegistry                           0x2000025c   Data          64  queue.o(.bss)
    disk                                     0x200002fc   Data          12  ff_gen_drv.o(.bss)
    htim5                                    0x20000308   Data          60  stm32l4xx_hal_timebase_tim.o(.bss)
    hadc1                                    0x20000344   Data         104  main.o(.bss)
    hcrc                                     0x200003ac   Data          36  main.o(.bss)
    hi2c1                                    0x200003d0   Data          76  main.o(.bss)
    hlptim1                                  0x2000041c   Data          56  main.o(.bss)
    hlpuart1                                 0x20000454   Data         112  main.o(.bss)
    huart1                                   0x200004c4   Data         112  main.o(.bss)
    huart2                                   0x20000534   Data         112  main.o(.bss)
    huart3                                   0x200005a4   Data         112  main.o(.bss)
    hqspi                                    0x20000614   Data          60  main.o(.bss)
    hrtc                                     0x20000650   Data          36  main.o(.bss)
    hspi1                                    0x20000674   Data         100  main.o(.bss)
    hspi3                                    0x200006d8   Data         100  main.o(.bss)
    htim1                                    0x2000073c   Data          60  main.o(.bss)
    htim3                                    0x20000778   Data          60  main.o(.bss)
    hdma_quadspi                             0x200007b4   Data          72  main.o(.bss)
    hdma_spi1_rx                             0x200007fc   Data          72  main.o(.bss)
    hdma_spi1_tx                             0x20000844   Data          72  main.o(.bss)
    hdma_spi3_rx                             0x2000088c   Data          72  main.o(.bss)
    hdma_spi3_tx                             0x200008d4   Data          72  main.o(.bss)
    pFlash                                   0x2000091c   Data          28  stm32l4xx_hal_flash.o(.bss)
    SPIFatFs                                 0x200009a8   Data        4148  fmapi.o(.bss)
    file                                     0x200019dc   Data          44  fmapi.o(.bss)
    dir                                      0x20001a08   Data          32  fmapi.o(.bss)
    __initial_sp                             0x20002358   Data           0  startup_stm32l476xx.o(STACK)



==============================================================================

Memory Map of the image

  Image Entry point : 0x08007389

  Load Region LR_IROM1 (Base: 0x08007000, Size: 0x0001f384, Max: 0x000fb000, ABSOLUTE, COMPRESSED[0x00017370])

    Execution Region IMAGE_UUID (Base: 0x08007000, Size: 0x00000010, Max: 0x00000010, ABSOLUTE)

    Base Addr    Size         Type   Attr      Idx    E Section Name        Object

    0x08007000   0x00000010   Data   RW         7817    .image_uuid         genapi.o


    Execution Region IMAGE_CRC (Base: 0x08007010, Size: 0x00000004, Max: 0x00000004, ABSOLUTE)

    Base Addr    Size         Type   Attr      Idx    E Section Name        Object

    0x08007010   0x00000004   Data   RW         7813    .image_crc          genapi.o


    Execution Region IMAGE_LEN (Base: 0x08007014, Size: 0x00000004, Max: 0x00000004, ABSOLUTE)

    Base Addr    Size         Type   Attr      Idx    E Section Name        Object

    0x08007014   0x00000004   Data   RW         7814    .image_len          genapi.o


    Execution Region IMAGE_MAJ (Base: 0x08007018, Size: 0x00000004, Max: 0x00000004, ABSOLUTE)

    Base Addr    Size         Type   Attr      Idx    E Section Name        Object

    0x08007018   0x00000004   Data   RW         7815    .image_maj          genapi.o


    Execution Region IMAGE_MIN (Base: 0x0800701c, Size: 0x00000004, Max: 0x00000004, ABSOLUTE)

    Base Addr    Size         Type   Attr      Idx    E Section Name        Object

    0x0800701c   0x00000004   Data   RW         7816    .image_min          genapi.o


    Execution Region IMAGE_RSV (Base: 0x08007020, Size: 0x00000000, Max: 0x000001e0, ABSOLUTE)

    **** No section assigned to this execution region ****


    Execution Region ER_IROM1 (Base: 0x08007200, Size: 0x00017040, Max: 0x000fae00, ABSOLUTE, FIXED)

    Base Addr    Size         Type   Attr      Idx    E Section Name        Object

    0x08007200   0x00000188   Data   RO         7221    RESET               startup_stm32l476xx.o
    0x08007388   0x00000000   Code   RO         9661  * .ARM.Collect$$$$00000000  mc_w.l(entry.o)
    0x08007388   0x00000004   Code   RO        10028    .ARM.Collect$$$$00000001  mc_w.l(entry2.o)
    0x0800738c   0x00000004   Code   RO        10031    .ARM.Collect$$$$00000004  mc_w.l(entry5.o)
    0x08007390   0x00000000   Code   RO        10033    .ARM.Collect$$$$00000008  mc_w.l(entry7b.o)
    0x08007390   0x00000000   Code   RO        10035    .ARM.Collect$$$$0000000A  mc_w.l(entry8b.o)
    0x08007390   0x00000008   Code   RO        10036    .ARM.Collect$$$$0000000B  mc_w.l(entry9a.o)
    0x08007398   0x00000000   Code   RO        10038    .ARM.Collect$$$$0000000D  mc_w.l(entry10a.o)
    0x08007398   0x00000000   Code   RO        10040    .ARM.Collect$$$$0000000F  mc_w.l(entry11a.o)
    0x08007398   0x00000004   Code   RO        10029    .ARM.Collect$$$$00002712  mc_w.l(entry2.o)
    0x0800739c   0x000000da   Code   RO          430    .emb_text           port.o
    0x08007476   0x00000002   PAD
    0x08007478   0x00000012   Code   RO         9495    .emb_text           gensrv.o
    0x0800748a   0x00000002   PAD
    0x0800748c   0x00000024   Code   RO         7222    .text               startup_stm32l476xx.o
    0x080074b0   0x00000068   Code   RO         9664    .text               mc_w.l(uldiv.o)
    0x08007518   0x00000008   Code   RO         9666    .text               mc_w.l(ctype_o.o)
    0x08007520   0x00000024   Code   RO         9694    .text               mc_w.l(memcpya.o)
    0x08007544   0x00000024   Code   RO         9696    .text               mc_w.l(memseta.o)
    0x08007568   0x00000018   Code   RO         9698    .text               mc_w.l(strcat.o)
    0x08007580   0x00000018   Code   RO         9700    .text               mc_w.l(strncpy.o)
    0x08007598   0x0000000e   Code   RO         9702    .text               mc_w.l(strlen.o)
    0x080075a6   0x0000001c   Code   RO         9704    .text               mc_w.l(strcmp.o)
    0x080075c2   0x0000001a   Code   RO         9706    .text               mc_w.l(memcmp.o)
    0x080075dc   0x00000012   Code   RO         9708    .text               mc_w.l(strcpy.o)
    0x080075ee   0x00000002   PAD
    0x080075f0   0x00000044   Code   RO         9710    .text               mc_w.l(strtok.o)
    0x08007634   0x00000078   Code   RO         9979    .text               mc_w.l(strtoul.o)
    0x080076ac   0x000000ea   Code   RO         9981    .text               mf_w.l(dmul.o)
    0x08007796   0x00000022   Code   RO         9983    .text               mf_w.l(dflti.o)
    0x080077b8   0x0000003e   Code   RO         9985    .text               mf_w.l(dfixi.o)
    0x080077f6   0x00000026   Code   RO         9987    .text               mf_w.l(f2d.o)
    0x0800781c   0x00000038   Code   RO         9989    .text               mf_w.l(d2f.o)
    0x08007854   0x0000002c   Code   RO        10045    .text               mc_w.l(uidiv.o)
    0x08007880   0x0000001e   Code   RO        10047    .text               mc_w.l(llshl.o)
    0x0800789e   0x00000020   Code   RO        10049    .text               mc_w.l(llushr.o)
    0x080078be   0x000000a4   Code   RO        10058    .text               mc_w.l(_strtoul.o)
    0x08007962   0x00000000   Code   RO        10060    .text               mc_w.l(iusefp.o)
    0x08007962   0x0000006e   Code   RO        10061    .text               mf_w.l(fepilogue.o)
    0x080079d0   0x000000ba   Code   RO        10063    .text               mf_w.l(depilogue.o)
    0x08007a8a   0x0000015e   Code   RO        10065    .text               mf_w.l(dadd.o)
    0x08007be8   0x000000de   Code   RO        10067    .text               mf_w.l(ddiv.o)
    0x08007cc6   0x0000002e   Code   RO        10071    .text               mf_w.l(dscalb.o)
    0x08007cf4   0x00000088   Code   RO        10073    .text               mf_w.l(drnd.o)
    0x08007d7c   0x00000030   Code   RO        10075    .text               mf_w.l(dfixul.o)
    0x08007dac   0x00000030   Code   RO        10077    .text               mf_w.l(cdcmple.o)
    0x08007ddc   0x00000030   Code   RO        10079    .text               mf_w.l(cdrcmple.o)
    0x08007e0c   0x00000024   Code   RO        10081    .text               mc_w.l(init.o)
    0x08007e30   0x00000000   Code   RO        10083    .text               mc_w.l(semi.o)
    0x08007e30   0x00000024   Code   RO        10084    .text               mc_w.l(llsshr.o)
    0x08007e54   0x0000001c   Code   RO        10086    .text               mc_w.l(_chval.o)
    0x08007e70   0x00000000   Code   RO        10088    .text               mc_w.l(iusesemip.o)
    0x08007e70   0x000000a2   Code   RO        10089    .text               mf_w.l(dsqrt.o)
    0x08007f12   0x00000056   Code   RO        10099    .text               mc_w.l(__dczerorl2.o)
    0x08007f68   0x00000062   Code   RO         6798    i.ADC_Disable       stm32l4xx_hal_adc.o
    0x08007fca   0x00000002   PAD
    0x08007fcc   0x00000068   Code   RO         6799    i.ADC_Enable        stm32l4xx_hal_adc.o
    0x08008034   0x00000084   Code   RO         8296    i.AS6200_GetTempVal  smapi.o
    0x080080b8   0x00000024   Code   RO         8297    i.AS6200_ReadReg    smapi.o
    0x080080dc   0x0000002c   Code   RO         8298    i.AccConfig         smapi.o
    0x08008108   0x00000030   Code   RO         8299    i.AccConfig_IT      smapi.o
    0x08008138   0x000000f0   Code   RO         8300    i.AccInit           smapi.o
    0x08008228   0x000000f8   Code   RO         8554    i.BLE_test          testapp.o
    0x08008320   0x00000002   Code   RO         2109    i.BusFault_Handler  stm32l4xx_it.o
    0x08008322   0x00000002   PAD
    0x08008324   0x00000030   Code   RO         6310    i.CRC_Handle_16     stm32l4xx_hal_crc.o
    0x08008354   0x00000066   Code   RO         6311    i.CRC_Handle_8      stm32l4xx_hal_crc.o
    0x080083ba   0x00000002   PAD
    0x080083bc   0x00000014   Code   RO         8079    i.CallbackPmBattTm  pmapi.o
    0x080083d0   0x00000014   Code   RO         8080    i.CallbackPmKeyTm   pmapi.o
    0x080083e4   0x0000000c   Code   RO         2110    i.DMA1_Channel2_IRQHandler  stm32l4xx_it.o
    0x080083f0   0x0000000c   Code   RO         2111    i.DMA1_Channel3_IRQHandler  stm32l4xx_it.o
    0x080083fc   0x0000000c   Code   RO         2112    i.DMA1_Channel5_IRQHandler  stm32l4xx_it.o
    0x08008408   0x0000000c   Code   RO         2113    i.DMA2_Channel1_IRQHandler  stm32l4xx_it.o
    0x08008414   0x0000000c   Code   RO         2114    i.DMA2_Channel2_IRQHandler  stm32l4xx_it.o
    0x08008420   0x0000002e   Code   RO         5325    i.DMA_SetConfig     stm32l4xx_hal_dma.o
    0x0800844e   0x00000002   Code   RO         2115    i.DebugMon_Handler  stm32l4xx_it.o
    0x08008450   0x00000026   Code   RO         2116    i.EXTI15_10_IRQHandler  stm32l4xx_it.o
    0x08008476   0x00000006   Code   RO         2117    i.EXTI2_IRQHandler  stm32l4xx_it.o
    0x0800847c   0x00000014   Code   RO         2118    i.EXTI9_5_IRQHandler  stm32l4xx_it.o
    0x08008490   0x00000002   Code   RO         2349    i.Error_Handler     main.o
    0x08008492   0x00000006   Code   RO         1813    i.FATFS_LinkDriver  ff_gen_drv.o
    0x08008498   0x00000040   Code   RO         1814    i.FATFS_LinkDriverEx  ff_gen_drv.o
    0x080084d8   0x00000054   Code   RO         5863    i.FLASH_FlushCaches  stm32l4xx_hal_flash_ex.o
    0x0800852c   0x00000048   Code   RO         5864    i.FLASH_MassErase   stm32l4xx_hal_flash_ex.o
    0x08008574   0x00000090   Code   RO         5870    i.FLASH_PageErase   stm32l4xx_hal_flash_ex.o
    0x08008604   0x00000090   Code   RO         5949    i.FLASH_Program_DoubleWord  stm32l4xx_hal_flash.o
    0x08008694   0x00000090   Code   RO         5950    i.FLASH_Program_Fast  stm32l4xx_hal_flash.o
    0x08008724   0x000000b8   Code   RO         5951    i.FLASH_SetErrorCode  stm32l4xx_hal_flash.o
    0x080087dc   0x00000080   Code   RO         5952    i.FLASH_WaitForLastOperation  stm32l4xx_hal_flash.o
    0x0800885c   0x00000014   Code   RO         8301    i.GetAccVal         smapi.o
    0x08008870   0x00000014   Code   RO         8302    i.GetAccValRaw      smapi.o
    0x08008884   0x00000004   Code   RO         8303    i.GetFifoSFSS       smapi.o
    0x08008888   0x00000004   Code   RO         8304    i.GetFifoSRC        smapi.o
    0x0800888c   0x00000038   Code   RO         8305    i.GetHumiVal        smapi.o
    0x080088c4   0x00000038   Code   RO         8306    i.GetTempVal        smapi.o
    0x080088fc   0x000000cc   Code   RO         3250    i.HAL_ADCEx_Calibration_Start  stm32l4xx_hal_adc_ex.o
    0x080089c8   0x0000019c   Code   RO         3267    i.HAL_ADCEx_MultiModeConfigChannel  stm32l4xx_hal_adc_ex.o
    0x08008b64   0x0000074e   Code   RO         6801    i.HAL_ADC_ConfigChannel  stm32l4xx_hal_adc.o
    0x080092b2   0x00000002   PAD
    0x080092b4   0x00000038   Code   RO         6807    i.HAL_ADC_GetState  stm32l4xx_hal_adc.o
    0x080092ec   0x00000038   Code   RO         6808    i.HAL_ADC_GetValue  stm32l4xx_hal_adc.o
    0x08009324   0x000004f2   Code   RO         6810    i.HAL_ADC_Init      stm32l4xx_hal_adc.o
    0x08009816   0x00000002   PAD
    0x08009818   0x00000040   Code   RO         1931    i.HAL_ADC_MspInit   stm32l4xx_hal_msp.o
    0x08009858   0x00000150   Code   RO         6814    i.HAL_ADC_PollForConversion  stm32l4xx_hal_adc.o
    0x080099a8   0x00000108   Code   RO         6816    i.HAL_ADC_Start     stm32l4xx_hal_adc.o
    0x08009ab0   0x00000070   Code   RO         4623    i.HAL_CRCEx_Polynomial_Set  stm32l4xx_hal_crc_ex.o
    0x08009b20   0x00000066   Code   RO         6313    i.HAL_CRC_Calculate  stm32l4xx_hal_crc.o
    0x08009b86   0x00000002   PAD
    0x08009b88   0x000000ec   Code   RO         6316    i.HAL_CRC_Init      stm32l4xx_hal_crc.o
    0x08009c74   0x00000028   Code   RO         1933    i.HAL_CRC_MspInit   stm32l4xx_hal_msp.o
    0x08009c9c   0x00000044   Code   RO         5326    i.HAL_DMA_Abort     stm32l4xx_hal_dma.o
    0x08009ce0   0x0000004e   Code   RO         5327    i.HAL_DMA_Abort_IT  stm32l4xx_hal_dma.o
    0x08009d2e   0x000000b4   Code   RO         5331    i.HAL_DMA_IRQHandler  stm32l4xx_hal_dma.o
    0x08009de2   0x00000002   PAD
    0x08009de4   0x00000200   Code   RO         5332    i.HAL_DMA_Init      stm32l4xx_hal_dma.o
    0x08009fe4   0x00000098   Code   RO         5336    i.HAL_DMA_Start_IT  stm32l4xx_hal_dma.o
    0x0800a07c   0x000000c6   Code   RO         5871    i.HAL_FLASHEx_Erase  stm32l4xx_hal_flash_ex.o
    0x0800a142   0x00000002   PAD
    0x0800a144   0x00000014   Code   RO         5956    i.HAL_FLASH_Lock    stm32l4xx_hal_flash.o
    0x0800a158   0x00000094   Code   RO         5961    i.HAL_FLASH_Program  stm32l4xx_hal_flash.o
    0x0800a1ec   0x00000024   Code   RO         5963    i.HAL_FLASH_Unlock  stm32l4xx_hal_flash.o
    0x0800a210   0x000000bc   Code   RO         9496    i.HAL_GPIO_EXTI_Callback  gensrv.o
    0x0800a2cc   0x00000018   Code   RO         4556    i.HAL_GPIO_EXTI_IRQHandler  stm32l4xx_hal_gpio.o
    0x0800a2e4   0x000002d6   Code   RO         4557    i.HAL_GPIO_Init     stm32l4xx_hal_gpio.o
    0x0800a5ba   0x00000002   PAD
    0x0800a5bc   0x00000020   Code   RO         4559    i.HAL_GPIO_ReadPin  stm32l4xx_hal_gpio.o
    0x0800a5dc   0x00000030   Code   RO         4561    i.HAL_GPIO_WritePin  stm32l4xx_hal_gpio.o
    0x0800a60c   0x0000000c   Code   RO         3955    i.HAL_GetTick       stm32l4xx_hal.o
    0x0800a618   0x00000098   Code   RO         2940    i.HAL_I2CEx_ConfigAnalogFilter  stm32l4xx_hal_i2c_ex.o
    0x0800a6b0   0x00000002   Code   RO         2511    i.HAL_I2C_AbortCpltCallback  stm32l4xx_hal_i2c.o
    0x0800a6b2   0x00000002   Code   RO         2512    i.HAL_I2C_AddrCallback  stm32l4xx_hal_i2c.o
    0x0800a6b4   0x00000062   Code   RO         2515    i.HAL_I2C_ER_IRQHandler  stm32l4xx_hal_i2c.o
    0x0800a716   0x00000010   Code   RO         2516    i.HAL_I2C_EV_IRQHandler  stm32l4xx_hal_i2c.o
    0x0800a726   0x00000002   Code   RO         2518    i.HAL_I2C_ErrorCallback  stm32l4xx_hal_i2c.o
    0x0800a728   0x00000178   Code   RO         2522    i.HAL_I2C_Init      stm32l4xx_hal_i2c.o
    0x0800a8a0   0x00000002   Code   RO         2524    i.HAL_I2C_ListenCpltCallback  stm32l4xx_hal_i2c.o
    0x0800a8a2   0x00000002   PAD
    0x0800a8a4   0x0000018e   Code   RO         2538    i.HAL_I2C_Mem_Read  stm32l4xx_hal_i2c.o
    0x0800aa32   0x00000002   PAD
    0x0800aa34   0x00000186   Code   RO         2541    i.HAL_I2C_Mem_Write  stm32l4xx_hal_i2c.o
    0x0800abba   0x00000002   PAD
    0x0800abbc   0x0000006c   Code   RO         1935    i.HAL_I2C_MspInit   stm32l4xx_hal_msp.o
    0x0800ac28   0x00000002   Code   RO         2546    i.HAL_I2C_SlaveRxCpltCallback  stm32l4xx_hal_i2c.o
    0x0800ac2a   0x00000002   Code   RO         2547    i.HAL_I2C_SlaveTxCpltCallback  stm32l4xx_hal_i2c.o
    0x0800ac2c   0x00000010   Code   RO         3956    i.HAL_IncTick       stm32l4xx_hal.o
    0x0800ac3c   0x00000016   Code   RO         3957    i.HAL_Init          stm32l4xx_hal.o
    0x0800ac52   0x00000002   PAD
    0x0800ac54   0x00000074   Code   RO         2069    i.HAL_InitTick      stm32l4xx_hal_timebase_tim.o
    0x0800acc8   0x00000002   Code   RO         6381    i.HAL_LPTIM_AutoReloadMatchCallback  stm32l4xx_hal_lptim.o
    0x0800acca   0x00000002   Code   RO         6382    i.HAL_LPTIM_AutoReloadWriteCallback  stm32l4xx_hal_lptim.o
    0x0800accc   0x00000002   Code   RO         6383    i.HAL_LPTIM_CompareMatchCallback  stm32l4xx_hal_lptim.o
    0x0800acce   0x00000002   Code   RO         6384    i.HAL_LPTIM_CompareWriteCallback  stm32l4xx_hal_lptim.o
    0x0800acd0   0x00000002   Code   RO         6390    i.HAL_LPTIM_DirectionDownCallback  stm32l4xx_hal_lptim.o
    0x0800acd2   0x00000002   Code   RO         6391    i.HAL_LPTIM_DirectionUpCallback  stm32l4xx_hal_lptim.o
    0x0800acd4   0x000000ca   Code   RO         6397    i.HAL_LPTIM_IRQHandler  stm32l4xx_hal_lptim.o
    0x0800ad9e   0x00000002   PAD
    0x0800ada0   0x00000244   Code   RO         6398    i.HAL_LPTIM_Init    stm32l4xx_hal_lptim.o
    0x0800afe4   0x0000003c   Code   RO         1937    i.HAL_LPTIM_MspInit  stm32l4xx_hal_msp.o
    0x0800b020   0x00000002   Code   RO         6420    i.HAL_LPTIM_TriggerCallback  stm32l4xx_hal_lptim.o
    0x0800b022   0x00000002   PAD
    0x0800b024   0x00000070   Code   RO         1938    i.HAL_MspInit       stm32l4xx_hal_msp.o
    0x0800b094   0x00000028   Code   RO         6672    i.HAL_NVIC_DisableIRQ  stm32l4xx_hal_cortex.o
    0x0800b0bc   0x00000028   Code   RO         6673    i.HAL_NVIC_EnableIRQ  stm32l4xx_hal_cortex.o
    0x0800b0e4   0x00000068   Code   RO         6679    i.HAL_NVIC_SetPriority  stm32l4xx_hal_cortex.o
    0x0800b14c   0x00000048   Code   RO         6680    i.HAL_NVIC_SetPriorityGrouping  stm32l4xx_hal_cortex.o
    0x0800b194   0x0000007c   Code   RO         3698    i.HAL_PWREx_ControlVoltageScaling  stm32l4xx_hal_pwr_ex.o
    0x0800b210   0x00000010   Code   RO         3702    i.HAL_PWREx_DisableInternalWakeUpLine  stm32l4xx_hal_pwr_ex.o
    0x0800b220   0x00000010   Code   RO         3715    i.HAL_PWREx_EnableInternalWakeUpLine  stm32l4xx_hal_pwr_ex.o
    0x0800b230   0x00000010   Code   RO         3723    i.HAL_PWREx_EnableVddIO2  stm32l4xx_hal_pwr_ex.o
    0x0800b240   0x00000024   Code   RO         3725    i.HAL_PWREx_EnterSHUTDOWNMode  stm32l4xx_hal_pwr_ex.o
    0x0800b264   0x00000050   Code   RO         3728    i.HAL_PWREx_EnterSTOP2Mode  stm32l4xx_hal_pwr_ex.o
    0x0800b2b4   0x00000010   Code   RO         3729    i.HAL_PWREx_GetVoltageRange  stm32l4xx_hal_pwr_ex.o
    0x0800b2c4   0x00000050   Code   RO         3139    i.HAL_PWR_DisableWakeUpPin  stm32l4xx_hal_pwr.o
    0x0800b314   0x0000005c   Code   RO         3144    i.HAL_PWR_EnableWakeUpPin  stm32l4xx_hal_pwr.o
    0x0800b370   0x0000007c   Code   RO         4242    i.HAL_QSPI_Abort    stm32l4xx_hal_qspi.o
    0x0800b3ec   0x00000002   Code   RO         4243    i.HAL_QSPI_AbortCpltCallback  stm32l4xx_hal_qspi.o
    0x0800b3ee   0x00000002   PAD
    0x0800b3f0   0x00000060   Code   RO         4244    i.HAL_QSPI_Abort_IT  stm32l4xx_hal_qspi.o
    0x0800b450   0x00000212   Code   RO         4245    i.HAL_QSPI_AutoPolling  stm32l4xx_hal_qspi.o
    0x0800b662   0x00000002   PAD
    0x0800b664   0x00000218   Code   RO         4246    i.HAL_QSPI_AutoPolling_IT  stm32l4xx_hal_qspi.o
    0x0800b87c   0x00000010   Code   RO         7540    i.HAL_QSPI_CmdCpltCallback  fmapi.o
    0x0800b88c   0x000001b6   Code   RO         4248    i.HAL_QSPI_Command  stm32l4xx_hal_qspi.o
    0x0800ba42   0x00000002   PAD
    0x0800ba44   0x000001a8   Code   RO         4249    i.HAL_QSPI_Command_IT  stm32l4xx_hal_qspi.o
    0x0800bbec   0x0000002c   Code   RO         7541    i.HAL_QSPI_ErrorCallback  fmapi.o
    0x0800bc18   0x00000002   Code   RO         4252    i.HAL_QSPI_FifoThresholdCallback  stm32l4xx_hal_qspi.o
    0x0800bc1a   0x00000002   PAD
    0x0800bc1c   0x000001dc   Code   RO         4256    i.HAL_QSPI_IRQHandler  stm32l4xx_hal_qspi.o
    0x0800bdf8   0x0000017c   Code   RO         4257    i.HAL_QSPI_Init     stm32l4xx_hal_qspi.o
    0x0800bf74   0x000000ac   Code   RO         1940    i.HAL_QSPI_MspInit  stm32l4xx_hal_msp.o
    0x0800c020   0x000000c8   Code   RO         4261    i.HAL_QSPI_Receive  stm32l4xx_hal_qspi.o
    0x0800c0e8   0x000000fc   Code   RO         4262    i.HAL_QSPI_Receive_DMA  stm32l4xx_hal_qspi.o
    0x0800c1e4   0x00000010   Code   RO         7542    i.HAL_QSPI_RxCpltCallback  fmapi.o
    0x0800c1f4   0x00000002   Code   RO         4265    i.HAL_QSPI_RxHalfCpltCallback  stm32l4xx_hal_qspi.o
    0x0800c1f6   0x00000002   PAD
    0x0800c1f8   0x00000010   Code   RO         7543    i.HAL_QSPI_StatusMatchCallback  fmapi.o
    0x0800c208   0x00000002   Code   RO         4269    i.HAL_QSPI_TimeOutCallback  stm32l4xx_hal_qspi.o
    0x0800c20a   0x00000002   PAD
    0x0800c20c   0x000000c0   Code   RO         4270    i.HAL_QSPI_Transmit  stm32l4xx_hal_qspi.o
    0x0800c2cc   0x000000e8   Code   RO         4271    i.HAL_QSPI_Transmit_DMA  stm32l4xx_hal_qspi.o
    0x0800c3b4   0x00000010   Code   RO         7544    i.HAL_QSPI_TxCpltCallback  fmapi.o
    0x0800c3c4   0x00000002   Code   RO         4274    i.HAL_QSPI_TxHalfCpltCallback  stm32l4xx_hal_qspi.o
    0x0800c3c6   0x00000002   PAD
    0x0800c3c8   0x00000646   Code   RO         5436    i.HAL_RCCEx_PeriphCLKConfig  stm32l4xx_hal_rcc_ex.o
    0x0800ca0e   0x00000002   PAD
    0x0800ca10   0x00000258   Code   RO         4141    i.HAL_RCC_ClockConfig  stm32l4xx_hal_rcc.o
    0x0800cc68   0x00000060   Code   RO         4144    i.HAL_RCC_GetClockConfig  stm32l4xx_hal_rcc.o
    0x0800ccc8   0x0000000c   Code   RO         4145    i.HAL_RCC_GetHCLKFreq  stm32l4xx_hal_rcc.o
    0x0800ccd4   0x00000030   Code   RO         4147    i.HAL_RCC_GetPCLK1Freq  stm32l4xx_hal_rcc.o
    0x0800cd04   0x00000030   Code   RO         4148    i.HAL_RCC_GetPCLK2Freq  stm32l4xx_hal_rcc.o
    0x0800cd34   0x000000ec   Code   RO         4149    i.HAL_RCC_GetSysClockFreq  stm32l4xx_hal_rcc.o
    0x0800ce20   0x00000628   Code   RO         4152    i.HAL_RCC_OscConfig  stm32l4xx_hal_rcc.o
    0x0800d448   0x0000010a   Code   RO         7009    i.HAL_RTCEx_SetWakeUpTimer  stm32l4xx_hal_rtc_ex.o
    0x0800d552   0x00000002   PAD
    0x0800d554   0x00000140   Code   RO         3003    i.HAL_RTC_Init      stm32l4xx_hal_rtc.o
    0x0800d694   0x00000020   Code   RO         1942    i.HAL_RTC_MspInit   stm32l4xx_hal_msp.o
    0x0800d6b4   0x00000366   Code   RO         3007    i.HAL_RTC_SetAlarm  stm32l4xx_hal_rtc.o
    0x0800da1a   0x00000002   PAD
    0x0800da1c   0x00000184   Code   RO         3009    i.HAL_RTC_SetDate   stm32l4xx_hal_rtc.o
    0x0800dba0   0x000001e8   Code   RO         3010    i.HAL_RTC_SetTime   stm32l4xx_hal_rtc.o
    0x0800dd88   0x00000036   Code   RO         3011    i.HAL_RTC_WaitForSynchro  stm32l4xx_hal_rtc.o
    0x0800ddbe   0x00000002   PAD
    0x0800ddc0   0x0000023c   Code   RO         5566    i.HAL_SPI_Init      stm32l4xx_hal_spi.o
    0x0800dffc   0x00000148   Code   RO         1944    i.HAL_SPI_MspInit   stm32l4xx_hal_msp.o
    0x0800e144   0x0000002c   Code   RO         6682    i.HAL_SYSTICK_CLKSourceConfig  stm32l4xx_hal_cortex.o
    0x0800e170   0x00000028   Code   RO         6684    i.HAL_SYSTICK_Config  stm32l4xx_hal_cortex.o
    0x0800e198   0x00000002   Code   RO         6058    i.HAL_TIMEx_BreakCallback  stm32l4xx_hal_tim_ex.o
    0x0800e19a   0x00000002   Code   RO         6059    i.HAL_TIMEx_CommutationCallback  stm32l4xx_hal_tim_ex.o
    0x0800e19c   0x000001a0   Code   RO         6060    i.HAL_TIMEx_ConfigBreakDeadTime  stm32l4xx_hal_tim_ex.o
    0x0800e33c   0x00000160   Code   RO         6077    i.HAL_TIMEx_MasterConfigSynchronization  stm32l4xx_hal_tim_ex.o
    0x0800e49c   0x000000e4   Code   RO         4684    i.HAL_TIM_Base_Init  stm32l4xx_hal_tim.o
    0x0800e580   0x00000002   Code   RO         4686    i.HAL_TIM_Base_MspInit  stm32l4xx_hal_tim.o
    0x0800e582   0x00000002   PAD
    0x0800e584   0x00000098   Code   RO         4689    i.HAL_TIM_Base_Start_IT  stm32l4xx_hal_tim.o
    0x0800e61c   0x00000002   Code   RO         4713    i.HAL_TIM_IC_CaptureCallback  stm32l4xx_hal_tim.o
    0x0800e61e   0x00000166   Code   RO         4726    i.HAL_TIM_IRQHandler  stm32l4xx_hal_tim.o
    0x0800e784   0x00000054   Code   RO         1945    i.HAL_TIM_MspPostInit  stm32l4xx_hal_msp.o
    0x0800e7d8   0x00000002   Code   RO         4729    i.HAL_TIM_OC_DelayElapsedCallback  stm32l4xx_hal_tim.o
    0x0800e7da   0x00000002   PAD
    0x0800e7dc   0x000002da   Code   RO         4750    i.HAL_TIM_PWM_ConfigChannel  stm32l4xx_hal_tim.o
    0x0800eab6   0x00000002   PAD
    0x0800eab8   0x000000e8   Code   RO         4753    i.HAL_TIM_PWM_Init  stm32l4xx_hal_tim.o
    0x0800eba0   0x00000040   Code   RO         1947    i.HAL_TIM_PWM_MspInit  stm32l4xx_hal_msp.o
    0x0800ebe0   0x00000002   Code   RO         4756    i.HAL_TIM_PWM_PulseFinishedCallback  stm32l4xx_hal_tim.o
    0x0800ebe2   0x00000002   PAD
    0x0800ebe4   0x00000124   Code   RO         4757    i.HAL_TIM_PWM_Start  stm32l4xx_hal_tim.o
    0x0800ed08   0x00000148   Code   RO         4760    i.HAL_TIM_PWM_Stop  stm32l4xx_hal_tim.o
    0x0800ee50   0x00000014   Code   RO         2350    i.HAL_TIM_PeriodElapsedCallback  main.o
    0x0800ee64   0x00000002   Code   RO         4767    i.HAL_TIM_TriggerCallback  stm32l4xx_hal_tim.o
    0x0800ee66   0x00000002   Code   RO         9497    i.HAL_UART1_ErrorCallback  gensrv.o
    0x0800ee68   0x00000002   Code   RO         9498    i.HAL_UART1_RxCpltCallback  gensrv.o
    0x0800ee6a   0x00000002   Code   RO         9499    i.HAL_UART1_TxCpltCallback  gensrv.o
    0x0800ee6c   0x00000002   Code   RO         9500    i.HAL_UART2_ErrorCallback  gensrv.o
    0x0800ee6e   0x00000002   Code   RO         9501    i.HAL_UART2_RxCpltCallback  gensrv.o
    0x0800ee70   0x00000002   Code   RO         9502    i.HAL_UART2_TxCpltCallback  gensrv.o
    0x0800ee72   0x00000002   Code   RO         9503    i.HAL_UART3_ErrorCallback  gensrv.o
    0x0800ee74   0x00000002   Code   RO         9504    i.HAL_UART3_RxCpltCallback  gensrv.o
    0x0800ee76   0x00000002   Code   RO         9505    i.HAL_UART3_TxCpltCallback  gensrv.o
    0x0800ee78   0x00000002   Code   RO         4504    i.HAL_UARTEx_WakeupCallback  stm32l4xx_hal_uart_ex.o
    0x0800ee7a   0x00000002   PAD
    0x0800ee7c   0x00000034   Code   RO         9506    i.HAL_UART_ErrorCallback  gensrv.o
    0x0800eeb0   0x0000019c   Code   RO         3445    i.HAL_UART_IRQHandler  stm32l4xx_hal_uart.o
    0x0800f04c   0x000000d8   Code   RO         3446    i.HAL_UART_Init     stm32l4xx_hal_uart.o
    0x0800f124   0x00000140   Code   RO         1949    i.HAL_UART_MspInit  stm32l4xx_hal_msp.o
    0x0800f264   0x000000ec   Code   RO         3449    i.HAL_UART_Receive  stm32l4xx_hal_uart.o
    0x0800f350   0x00000034   Code   RO         9507    i.HAL_UART_RxCpltCallback  gensrv.o
    0x0800f384   0x000000b4   Code   RO         3454    i.HAL_UART_Transmit  stm32l4xx_hal_uart.o
    0x0800f438   0x00000034   Code   RO         9508    i.HAL_UART_TxCpltCallback  gensrv.o
    0x0800f46c   0x00000030   Code   RO         8912    i.HTS221_Activate   hts221_driver.o
    0x0800f49c   0x00000030   Code   RO         8913    i.HTS221_DeActivate  hts221_driver.o
    0x0800f4cc   0x00000014   Code   RO         8918    i.HTS221_Get_DeviceID  hts221_driver.o
    0x0800f4e0   0x000000cc   Code   RO         8921    i.HTS221_Get_Humidity  hts221_driver.o
    0x0800f5ac   0x000000c0   Code   RO         8931    i.HTS221_Get_Temperature  hts221_driver.o
    0x0800f66c   0x00000028   Code   RO         8935    i.HTS221_ReadReg    hts221_driver.o
    0x0800f694   0x00000060   Code   RO         8939    i.HTS221_Set_BduMode  hts221_driver.o
    0x0800f6f4   0x00000170   Code   RO         8941    i.HTS221_Set_InitConfig  hts221_driver.o
    0x0800f864   0x00000064   Code   RO         8945    i.HTS221_Set_Odr    hts221_driver.o
    0x0800f8c8   0x00000028   Code   RO         8948    i.HTS221_WriteReg   hts221_driver.o
    0x0800f8f0   0x0000003c   Code   RO         8949    i.HTS221_assert_failed  hts221_driver.o
    0x0800f92c   0x00000006   Code   RO         2119    i.HardFault_Handler  stm32l4xx_it.o
    0x0800f932   0x00000002   PAD
    0x0800f934   0x000000f0   Code   RO         9509    i.HardFault_Stack_Dump  gensrv.o
    0x0800fa24   0x0000000c   Code   RO         2120    i.I2C1_ER_IRQHandler  stm32l4xx_it.o
    0x0800fa30   0x0000000c   Code   RO         2121    i.I2C1_EV_IRQHandler  stm32l4xx_it.o
    0x0800fa3c   0x00000032   Code   RO         2556    i.I2C_DMAAbort      stm32l4xx_hal_i2c.o
    0x0800fa6e   0x00000056   Code   RO         2562    i.I2C_Disable_IRQ   stm32l4xx_hal_i2c.o
    0x0800fac4   0x00000022   Code   RO         2564    i.I2C_Flush_TXDR    stm32l4xx_hal_i2c.o
    0x0800fae6   0x00000088   Code   RO         2565    i.I2C_ITAddrCplt    stm32l4xx_hal_i2c.o
    0x0800fb6e   0x00000002   PAD
    0x0800fb70   0x000000e0   Code   RO         2566    i.I2C_ITError       stm32l4xx_hal_i2c.o
    0x0800fc50   0x0000005c   Code   RO         2567    i.I2C_ITListenCplt  stm32l4xx_hal_i2c.o
    0x0800fcac   0x000000f0   Code   RO         2570    i.I2C_ITSlaveCplt   stm32l4xx_hal_i2c.o
    0x0800fd9c   0x00000054   Code   RO         2571    i.I2C_ITSlaveSequentialCplt  stm32l4xx_hal_i2c.o
    0x0800fdf0   0x0000007c   Code   RO         2572    i.I2C_IsAcknowledgeFailed  stm32l4xx_hal_i2c.o
    0x0800fe6c   0x0000006e   Code   RO         2575    i.I2C_RequestMemoryRead  stm32l4xx_hal_i2c.o
    0x0800feda   0x0000006e   Code   RO         2576    i.I2C_RequestMemoryWrite  stm32l4xx_hal_i2c.o
    0x0800ff48   0x00000110   Code   RO         2578    i.I2C_Slave_ISR_IT  stm32l4xx_hal_i2c.o
    0x08010058   0x00000094   Code   RO         2579    i.I2C_TransferConfig  stm32l4xx_hal_i2c.o
    0x080100ec   0x00000052   Code   RO         2580    i.I2C_WaitOnFlagUntilTimeout  stm32l4xx_hal_i2c.o
    0x0801013e   0x0000004e   Code   RO         2582    i.I2C_WaitOnSTOPFlagUntilTimeout  stm32l4xx_hal_i2c.o
    0x0801018c   0x00000052   Code   RO         2583    i.I2C_WaitOnTXISFlagUntilTimeout  stm32l4xx_hal_i2c.o
    0x080101de   0x00000156   Code   RO         9156    i.LIS2DH12_FIFOModeEnable  lis2dh12_driver.o
    0x08010334   0x000000b8   Code   RO         9158    i.LIS2DH12_GetAccAxes  lis2dh12_driver.o
    0x080103ec   0x00000088   Code   RO         9159    i.LIS2DH12_GetAccAxesRaw  lis2dh12_driver.o
    0x08010474   0x00000024   Code   RO         9162    i.LIS2DH12_GetFifoSourceFSS  lis2dh12_driver.o
    0x08010498   0x00000026   Code   RO         9164    i.LIS2DH12_GetFullScale  lis2dh12_driver.o
    0x080104be   0x00000012   Code   RO         9167    i.LIS2DH12_GetInt2Src  lis2dh12_driver.o
    0x080104d0   0x00000012   Code   RO         9172    i.LIS2DH12_GetWHO_AM_I  lis2dh12_driver.o
    0x080104e2   0x00000002   PAD
    0x080104e4   0x00000020   Code   RO         9177    i.LIS2DH12_ReadReg  lis2dh12_driver.o
    0x08010504   0x0000002e   Code   RO         9179    i.LIS2DH12_SetAxis  lis2dh12_driver.o
    0x08010532   0x0000002e   Code   RO         9180    i.LIS2DH12_SetBDU   lis2dh12_driver.o
    0x08010560   0x0000002e   Code   RO         9188    i.LIS2DH12_SetFullScale  lis2dh12_driver.o
    0x0801058e   0x00000022   Code   RO         9192    i.LIS2DH12_SetInt1Pin  lis2dh12_driver.o
    0x080105b0   0x0000002a   Code   RO         9194    i.LIS2DH12_SetInt2Configuration  lis2dh12_driver.o
    0x080105da   0x0000002e   Code   RO         9195    i.LIS2DH12_SetInt2Mode  lis2dh12_driver.o
    0x08010608   0x00000022   Code   RO         9196    i.LIS2DH12_SetInt2Pin  lis2dh12_driver.o
    0x0801062a   0x00000016   Code   RO         9197    i.LIS2DH12_SetInt2Threshold  lis2dh12_driver.o
    0x08010640   0x000000b8   Code   RO         9201    i.LIS2DH12_SetMode  lis2dh12_driver.o
    0x080106f8   0x0000002e   Code   RO         9202    i.LIS2DH12_SetODR   lis2dh12_driver.o
    0x08010726   0x0000002e   Code   RO         9206    i.LIS2DH12_SetTriggerInt  lis2dh12_driver.o
    0x08010754   0x0000002e   Code   RO         9207    i.LIS2DH12_SetWaterMark  lis2dh12_driver.o
    0x08010782   0x00000002   PAD
    0x08010784   0x00000028   Code   RO         9208    i.LIS2DH12_WriteReg  lis2dh12_driver.o
    0x080107ac   0x0000000c   Code   RO         2122    i.LPTIM1_IRQHandler  stm32l4xx_it.o
    0x080107b8   0x0000000c   Code   RO         2123    i.LPUART1_IRQHandler  stm32l4xx_it.o
    0x080107c4   0x0000006c   Code   RO         2351    i.MX_ADC1_Init      main.o
    0x08010830   0x0000007c   Code   RO         2352    i.MX_DMA_Init       main.o
    0x080108ac   0x0000001c   Code   RO         2278    i.MX_FATFS_Init     fatfs.o
    0x080108c8   0x000001c6   Code   RO         2353    i.MX_GPIO_Init      main.o
    0x08010a8e   0x00000002   PAD
    0x08010a90   0x00000044   Code   RO         2354    i.MX_I2C1_Init      main.o
    0x08010ad4   0x000000c8   Code   RO         2355    i.MX_RTC_Init       main.o
    0x08010b9c   0x0000004c   Code   RO         2356    i.MX_SPI1_Init      main.o
    0x08010be8   0x00000048   Code   RO         2357    i.MX_SPI3_Init      main.o
    0x08010c30   0x000000a0   Code   RO         2358    i.MX_TIM1_Init      main.o
    0x08010cd0   0x00000060   Code   RO         2359    i.MX_TIM3_Init      main.o
    0x08010d30   0x00000038   Code   RO         2360    i.MX_USART1_UART_Init  main.o
    0x08010d68   0x00000038   Code   RO         2361    i.MX_USART2_UART_Init  main.o
    0x08010da0   0x00000038   Code   RO         2362    i.MX_USART3_UART_Init  main.o
    0x08010dd8   0x00000002   Code   RO         2124    i.MemManage_Handler  stm32l4xx_it.o
    0x08010dda   0x00000002   Code   RO         2125    i.NMI_Handler       stm32l4xx_it.o
    0x08010ddc   0x00000020   Code   RO         6686    i.NVIC_SetPriority  stm32l4xx_hal_cortex.o
    0x08010dfc   0x00000114   Code   RO         8843    i.ODM_UART_IRQHandler  uart.o
    0x08010f10   0x000000a0   Code   RO         7545    i.OSPI_QuadEnable   fmapi.o
    0x08010fb0   0x00000002   Code   RO         2315    i.PostSleepProcessing  freertos.o
    0x08010fb2   0x00000002   Code   RO         2316    i.PreSleepProcessing  freertos.o
    0x08010fb4   0x00000070   Code   RO         7546    i.QSPI_BlockErase   fmapi.o
    0x08011024   0x000001ec   Code   RO         4275    i.QSPI_Config       stm32l4xx_hal_qspi.o
    0x08011210   0x0000003a   Code   RO         4276    i.QSPI_DMAAbortCplt  stm32l4xx_hal_qspi.o
    0x0801124a   0x0000001e   Code   RO         4277    i.QSPI_DMAError     stm32l4xx_hal_qspi.o
    0x08011268   0x00000012   Code   RO         4278    i.QSPI_DMARxCplt    stm32l4xx_hal_qspi.o
    0x0801127a   0x0000000a   Code   RO         4279    i.QSPI_DMARxHalfCplt  stm32l4xx_hal_qspi.o
    0x08011284   0x00000012   Code   RO         4280    i.QSPI_DMATxCplt    stm32l4xx_hal_qspi.o
    0x08011296   0x0000000a   Code   RO         4281    i.QSPI_DMATxHalfCplt  stm32l4xx_hal_qspi.o
    0x080112a0   0x00000068   Code   RO         7550    i.QSPI_Polling      fmapi.o
    0x08011308   0x00000068   Code   RO         7551    i.QSPI_Polling_IT   fmapi.o
    0x08011370   0x000000cc   Code   RO         7555    i.QSPI_Read_IT      fmapi.o
    0x0801143c   0x0000006c   Code   RO         7556    i.QSPI_SectorErase  fmapi.o
    0x080114a8   0x00000084   Code   RO         7557    i.QSPI_SectorErase_IT  fmapi.o
    0x0801152c   0x00000048   Code   RO         4282    i.QSPI_WaitFlagStateUntilTimeout  stm32l4xx_hal_qspi.o
    0x08011574   0x000000d0   Code   RO         7559    i.QSPI_Write        fmapi.o
    0x08011644   0x0000008c   Code   RO         7560    i.QSPI_WriteEnable  fmapi.o
    0x080116d0   0x00000110   Code   RO         7561    i.QSPI_Write_IT     fmapi.o
    0x080117e0   0x0000000c   Code   RO         2126    i.QUADSPI_IRQHandler  stm32l4xx_it.o
    0x080117ec   0x0000022c   Code   RO         5439    i.RCCEx_PLLSAI1_Config  stm32l4xx_hal_rcc_ex.o
    0x08011a18   0x000001d8   Code   RO         5440    i.RCCEx_PLLSAI2_Config  stm32l4xx_hal_rcc_ex.o
    0x08011bf0   0x0000007c   Code   RO         4153    i.RCC_SetFlashLatencyFromMSIRange  stm32l4xx_hal_rcc.o
    0x08011c6c   0x00000012   Code   RO         3012    i.RTC_Bcd2ToByte    stm32l4xx_hal_rtc.o
    0x08011c7e   0x00000016   Code   RO         3013    i.RTC_ByteToBcd2    stm32l4xx_hal_rtc.o
    0x08011c94   0x0000003a   Code   RO         3014    i.RTC_EnterInitMode  stm32l4xx_hal_rtc.o
    0x08011cce   0x00000002   PAD
    0x08011cd0   0x0000018c   Code   RO         8081    i.StartTaskPm       pmapi.o
    0x08011e5c   0x000000cc   Code   RO         8555    i.StartTestApp      testapp.o
    0x08011f28   0x00000004   Code   RO         2127    i.SysTick_Handler   stm32l4xx_it.o
    0x08011f2c   0x000000e0   Code   RO         2364    i.SystemClock_Config  main.o
    0x0801200c   0x00000048   Code   RO         7230    i.SystemInit        system_stm32l4xx.o
    0x08012054   0x0000000c   Code   RO         2128    i.TIM5_IRQHandler   stm32l4xx_it.o
    0x08012060   0x000000b8   Code   RO         4768    i.TIM_Base_SetConfig  stm32l4xx_hal_tim.o
    0x08012118   0x000000a4   Code   RO         4769    i.TIM_CCxChannelCmd  stm32l4xx_hal_tim.o
    0x080121bc   0x000000ee   Code   RO         4777    i.TIM_OC1_SetConfig  stm32l4xx_hal_tim.o
    0x080122aa   0x00000002   PAD
    0x080122ac   0x000000dc   Code   RO         4778    i.TIM_OC2_SetConfig  stm32l4xx_hal_tim.o
    0x08012388   0x000000dc   Code   RO         4779    i.TIM_OC3_SetConfig  stm32l4xx_hal_tim.o
    0x08012464   0x00000098   Code   RO         4780    i.TIM_OC4_SetConfig  stm32l4xx_hal_tim.o
    0x080124fc   0x00000070   Code   RO         4781    i.TIM_OC5_SetConfig  stm32l4xx_hal_tim.o
    0x0801256c   0x00000070   Code   RO         4782    i.TIM_OC6_SetConfig  stm32l4xx_hal_tim.o
    0x080125dc   0x00000030   Code   RO         8307    i.TempConfig        smapi.o
    0x0801260c   0x00000030   Code   RO         8308    i.TempConfig_IT     smapi.o
    0x0801263c   0x000000a8   Code   RO         8309    i.TempInit          smapi.o
    0x080126e4   0x000001e0   Code   RO         3459    i.UART_AdvFeatureConfig  stm32l4xx_hal_uart.o
    0x080128c4   0x0000005c   Code   RO         3460    i.UART_CheckIdleState  stm32l4xx_hal_uart.o
    0x08012920   0x00000014   Code   RO         3461    i.UART_DMAAbortOnError  stm32l4xx_hal_uart.o
    0x08012934   0x0000001c   Code   RO         3467    i.UART_EndRxTransfer  stm32l4xx_hal_uart.o
    0x08012950   0x00000076   Code   RO         3469    i.UART_Receive_IT   stm32l4xx_hal_uart.o
    0x080129c6   0x00000002   PAD
    0x080129c8   0x0000037a   Code   RO         3470    i.UART_SetConfig    stm32l4xx_hal_uart.o
    0x08012d42   0x00000064   Code   RO         3471    i.UART_WaitOnFlagUntilTimeout  stm32l4xx_hal_uart.o
    0x08012da6   0x00000002   PAD
    0x08012da8   0x0000000c   Code   RO         2129    i.USART1_IRQHandler  stm32l4xx_it.o
    0x08012db4   0x0000000c   Code   RO         2130    i.USART2_IRQHandler  stm32l4xx_it.o
    0x08012dc0   0x0000000c   Code   RO         2131    i.USART3_IRQHandler  stm32l4xx_it.o
    0x08012dcc   0x00000010   Code   RO         1863    i.USER_initialize   user_diskio.o
    0x08012ddc   0x0000002c   Code   RO         1864    i.USER_ioctl        user_diskio.o
    0x08012e08   0x0000004c   Code   RO         1865    i.USER_read         user_diskio.o
    0x08012e54   0x00000010   Code   RO         1866    i.USER_status       user_diskio.o
    0x08012e64   0x00000096   Code   RO         1867    i.USER_write        user_diskio.o
    0x08012efa   0x00000002   Code   RO         2132    i.UsageFault_Handler  stm32l4xx_it.o
    0x08012efc   0x00000020   Code   RO         8556    i.Wifi_test         testapp.o
    0x08012f1c   0x00000020   Code   RO         9951    i.__0printf         mc_w.l(printfa.o)
    0x08012f3c   0x00000028   Code   RO         9953    i.__0sprintf        mc_w.l(printfa.o)
    0x08012f64   0x00000024   Code   RO         9957    i.__0vsprintf       mc_w.l(printfa.o)
    0x08012f88   0x00000030   Code   RO        10011    i.__ARM_fpclassify  m_wm.l(fpclassify.o)
    0x08012fb8   0x00000008   Code   RO        10051    i.__aeabi_errno_addr  mc_w.l(errno.o)
    0x08012fc0   0x00000c80   Code   RO         9643    i.__hardfp_pow      m_wm.l(pow.o)
    0x08013c40   0x000000b0   Code   RO         9657    i.__hardfp_trunc    m_wm.l(trunc.o)
    0x08013cf0   0x000000f8   Code   RO        10013    i.__kernel_poly     m_wm.l(poly.o)
    0x08013de8   0x00000030   Code   RO         9991    i.__mathlib_dbl_divzero  m_wm.l(dunder.o)
    0x08013e18   0x00000014   Code   RO         9993    i.__mathlib_dbl_infnan2  m_wm.l(dunder.o)
    0x08013e2c   0x00000004   PAD
    0x08013e30   0x00000020   Code   RO         9994    i.__mathlib_dbl_invalid  m_wm.l(dunder.o)
    0x08013e50   0x00000020   Code   RO         9995    i.__mathlib_dbl_overflow  m_wm.l(dunder.o)
    0x08013e70   0x00000020   Code   RO         9997    i.__mathlib_dbl_underflow  m_wm.l(dunder.o)
    0x08013e90   0x0000000e   Code   RO        10093    i.__scatterload_copy  mc_w.l(handlers.o)
    0x08013e9e   0x00000002   Code   RO        10094    i.__scatterload_null  mc_w.l(handlers.o)
    0x08013ea0   0x0000000e   Code   RO        10095    i.__scatterload_zeroinit  mc_w.l(handlers.o)
    0x08013eae   0x00000002   PAD
    0x08013eb0   0x0000000c   Code   RO        10053    i.__set_errno       mc_w.l(errno.o)
    0x08013ebc   0x0000016a   Code   RO         9958    i._fp_digits        mc_w.l(printfa.o)
    0x08014026   0x00000002   PAD
    0x08014028   0x000006e2   Code   RO         9959    i._printf_core      mc_w.l(printfa.o)
    0x0801470a   0x00000024   Code   RO         9960    i._printf_post_padding  mc_w.l(printfa.o)
    0x0801472e   0x0000002e   Code   RO         9961    i._printf_pre_padding  mc_w.l(printfa.o)
    0x0801475c   0x0000000a   Code   RO         9963    i._sputc            mc_w.l(printfa.o)
    0x08014766   0x00000002   PAD
    0x08014768   0x00000050   Code   RO         2365    i.assert_failed     main.o
    0x080147b8   0x000000ac   Code   RO         7799    i.bzCtrl            genapi.o
    0x08014864   0x00000108   Code   RO         8557    i.charParse         testapp.o
    0x0801496c   0x00000060   Code   RO         1473    i.check_fs          ff.o
    0x080149cc   0x00000064   Code   RO         1474    i.chk_lock          ff.o
    0x08014a30   0x00000024   Code   RO         1475    i.clear_lock        ff.o
    0x08014a54   0x00000028   Code   RO         1476    i.clmt_clust        ff.o
    0x08014a7c   0x0000001c   Code   RO         1477    i.clust2sect        ff.o
    0x08014a98   0x00000004   Code   RO         7464    i.cmCRCNumberUpdate  cmsrv.o
    0x08014a9c   0x00000010   Code   RO         7465    i.cmCaculateTableCRCNumber  cmsrv.o
    0x08014aac   0x00000050   Code   RO         7466    i.cmChoosePtrByID   cmsrv.o
    0x08014afc   0x00000010   Code   RO         7467    i.cmChoosePtrByIndex  cmsrv.o
    0x08014b0c   0x000000b8   Code   RO         7468    i.cmEarseTable      cmsrv.o
    0x08014bc4   0x00000004   Code   RO         7469    i.cmGetCRCNumber    cmsrv.o
    0x08014bc8   0x00000018   Code   RO         7470    i.cmGetData         cmsrv.o
    0x08014be0   0x00000068   Code   RO         7471    i.cmInitTable       cmsrv.o
    0x08014c48   0x00000080   Code   RO         7391    i.cmRead            cmapi.o
    0x08014cc8   0x00000056   Code   RO         7472    i.cmUpdateTable     cmsrv.o
    0x08014d1e   0x00000002   PAD
    0x08014d20   0x00000060   Code   RO         7392    i.cmWrite           cmapi.o
    0x08014d80   0x0000004c   Code   RO         7393    i.cm_CRC_Check      cmapi.o
    0x08014dcc   0x00000088   Code   RO         7395    i.cm_Init           cmapi.o
    0x08014e54   0x00000074   Code   RO         7396    i.cm_Program        cmapi.o
    0x08014ec8   0x00000018   Code   RO         7397    i.cm_Reset_to_Defalut  cmapi.o
    0x08014ee0   0x00000070   Code   RO         8558    i.cmdParse          testapp.o
    0x08014f50   0x000000a4   Code   RO         1478    i.create_chain      ff.o
    0x08014ff4   0x000000fc   Code   RO         1479    i.create_name       ff.o
    0x080150f0   0x0000003c   Code   RO         1480    i.dec_lock          ff.o
    0x0801512c   0x00000100   Code   RO         1481    i.dir_next          ff.o
    0x0801522c   0x0000005c   Code   RO         1482    i.dir_read          ff.o
    0x08015288   0x00000068   Code   RO         1483    i.dir_register      ff.o
    0x080152f0   0x00000038   Code   RO         1484    i.dir_remove        ff.o
    0x08015328   0x00000082   Code   RO         1485    i.dir_sdi           ff.o
    0x080153aa   0x00000002   PAD
    0x080153ac   0x00000028   Code   RO         1396    i.disk_initialize   diskio.o
    0x080153d4   0x0000001c   Code   RO         1397    i.disk_ioctl        diskio.o
    0x080153f0   0x0000001c   Code   RO         1398    i.disk_read         diskio.o
    0x0801540c   0x00000018   Code   RO         1399    i.disk_status       diskio.o
    0x08015424   0x0000001c   Code   RO         1400    i.disk_write        diskio.o
    0x08015440   0x00000030   Code   RO          121    i.eTaskConfirmSleepModeStatus  tasks.o
    0x08015470   0x00000030   Code   RO         1487    i.f_close           ff.o
    0x080154a0   0x0000002a   Code   RO         1488    i.f_closedir        ff.o
    0x080154ca   0x00000170   Code   RO         1493    i.f_mkdir           ff.o
    0x0801563a   0x00000002   PAD
    0x0801563c   0x0000054c   Code   RO         1494    i.f_mkfs            ff.o
    0x08015b88   0x00000088   Code   RO         1495    i.f_mount           ff.o
    0x08015c10   0x000001a4   Code   RO         1496    i.f_open            ff.o
    0x08015db4   0x0000008c   Code   RO         1497    i.f_opendir         ff.o
    0x08015e40   0x00000172   Code   RO         1501    i.f_read            ff.o
    0x08015fb2   0x0000005c   Code   RO         1502    i.f_readdir         ff.o
    0x0801600e   0x00000084   Code   RO         1505    i.f_sync            ff.o
    0x08016092   0x000000ac   Code   RO         1507    i.f_unlink          ff.o
    0x0801613e   0x000001d6   Code   RO         1509    i.f_write           ff.o
    0x08016314   0x00000018   Code   RO        10007    i.fabs              m_wm.l(fabs.o)
    0x0801632c   0x0000001a   Code   RO         1216    i.ff_cre_syncobj    syscall.o
    0x08016346   0x0000000a   Code   RO         1217    i.ff_del_syncobj    syscall.o
    0x08016350   0x00000004   Code   RO         1218    i.ff_rel_grant      syscall.o
    0x08016354   0x00000014   Code   RO         1219    i.ff_req_grant      syscall.o
    0x08016368   0x00000248   Code   RO         1510    i.find_volume       ff.o
    0x080165b0   0x00000074   Code   RO         8310    i.floatToInt        smapi.o
    0x08016624   0x00000010   Code   RO         7569    i.fmProg            fmapi.o
    0x08016634   0x0000000c   Code   RO         7570    i.fmQuadEnable      fmapi.o
    0x08016640   0x00000010   Code   RO         7572    i.fmRead            fmapi.o
    0x08016650   0x00000454   Code   RO         7573    i.fmSampCode        fmapi.o
    0x08016aa4   0x0000000c   Code   RO         7574    i.fmSectErase       fmapi.o
    0x08016ab0   0x000000aa   Code   RO         1511    i.follow_path       ff.o
    0x08016b5a   0x00000012   Code   RO        10042    i.fputc             mc_w.l(fputc.o)
    0x08016b6c   0x00000044   Code   RO         7801    i.gLog              genapi.o
    0x08016bb0   0x00000084   Code   RO         7802    i.gLogGetMask       genapi.o
    0x08016c34   0x00000060   Code   RO         7803    i.gLogSetMask       genapi.o
    0x08016c94   0x00000044   Code   RO         7804    i.gMem32Alloc       genapi.o
    0x08016cd8   0x00000064   Code   RO         7806    i.gMemFree          genapi.o
    0x08016d3c   0x00000018   Code   RO         7807    i.gSwVer            genapi.o
    0x08016d54   0x000000bc   Code   RO         1512    i.get_fat           ff.o
    0x08016e10   0x00000004   Code   RO         2279    i.get_fattime       fatfs.o
    0x08016e14   0x0000004c   Code   RO         1513    i.get_fileinfo      ff.o
    0x08016e60   0x0000003c   Code   RO         1514    i.get_ldnumber      ff.o
    0x08016e9c   0x00000060   Code   RO         8559    i.help_cmd          testapp.o
    0x08016efc   0x0000000c   Code   RO          865    i.inHandlerMode     cmsis_os.o
    0x08016f08   0x00000098   Code   RO         1515    i.inc_lock          ff.o
    0x08016fa0   0x00000016   Code   RO         1516    i.ld_clust          ff.o
    0x08016fb6   0x00000002   PAD
    0x08016fb8   0x0000010c   Code   RO         7808    i.ledCtrl           genapi.o
    0x080170c4   0x0000000a   Code   RO         1517    i.lock_fs           ff.o
    0x080170ce   0x00000002   PAD
    0x080170d0   0x00000138   Code   RO         2366    i.main              main.o
    0x08017208   0x0000000c   Code   RO          867    i.makeFreeRtosPriority  cmsis_os.o
    0x08017214   0x00000012   Code   RO         1518    i.mem_cpy           ff.o
    0x08017226   0x0000000e   Code   RO         1519    i.mem_set           ff.o
    0x08017234   0x0000006c   Code   RO         8029    i.mmUartSendData    mmapi.o
    0x080172a0   0x00000038   Code   RO         1520    i.move_window       ff.o
    0x080172d8   0x0000007c   Code   RO         8560    i.odmAcceFifoTest   testapp.o
    0x08017354   0x000000b0   Code   RO         8561    i.odmAcceTest       testapp.o
    0x08017404   0x00000110   Code   RO         7809    i.odmEntry          genapi.o
    0x08017514   0x000000ac   Code   RO         9510    i.odmExtiDis        gensrv.o
    0x080175c0   0x00000010   Code   RO         9511    i.odmExtiDisableIntr  gensrv.o
    0x080175d0   0x0000009c   Code   RO         9512    i.odmExtiEn         gensrv.o
    0x0801766c   0x00000010   Code   RO         9513    i.odmExtiEnableIntr  gensrv.o
    0x0801767c   0x0000000a   Code   RO         8562    i.odmFsTest         testapp.o
    0x08017686   0x00000002   PAD
    0x08017688   0x00000030   Code   RO         8563    i.odmFwVer          testapp.o
    0x080176b8   0x00000030   Code   RO         8564    i.odmGetSN          testapp.o
    0x080176e8   0x00000068   Code   RO         8844    i.odmGetStr         uart.o
    0x08017750   0x00000160   Code   RO         8565    i.odmGpsTest        testapp.o
    0x080178b0   0x000000f4   Code   RO         8566    i.odmLogMask        testapp.o
    0x080179a4   0x000000d0   Code   RO         8567    i.odmLsfs           testapp.o
    0x08017a74   0x00000034   Code   RO         8568    i.odmMkfs           testapp.o
    0x08017aa8   0x0000012c   Code   RO         8569    i.odmModemTest      testapp.o
    0x08017bd4   0x000000a0   Code   RO         8570    i.odmNotificationTest  testapp.o
    0x08017c74   0x00000148   Code   RO         8571    i.odmPowerBatt1Test  testapp.o
    0x08017dbc   0x00000074   Code   RO         8572    i.odmPowerBatt2Test  testapp.o
    0x08017e30   0x000002a0   Code   RO         8573    i.odmPowerControlTest  testapp.o
    0x080180d0   0x00000074   Code   RO         8574    i.odmPowerKeysTest  testapp.o
    0x08018144   0x0000000c   Code   RO         8575    i.odmPowerModeTest  testapp.o
    0x08018150   0x00000094   Code   RO         8576    i.odmPowerOffTest   testapp.o
    0x080181e4   0x0000000c   Code   RO         8577    i.odmPowerResetTest  testapp.o
    0x080181f0   0x00000020   Code   RO         8845    i.odmPrintf         uart.o
    0x08018210   0x00000038   Code   RO         8578    i.odmRmfs           testapp.o
    0x08018248   0x00000044   Code   RO         8580    i.odmSetSN          testapp.o
    0x0801828c   0x00000060   Code   RO         8581    i.odmSpiFlashTest   testapp.o
    0x080182ec   0x0000005c   Code   RO         8582    i.odmTempFifoTest   testapp.o
    0x08018348   0x00000060   Code   RO         8583    i.odmTempTest       testapp.o
    0x080183a8   0x000001a0   Code   RO         8584    i.odmsmTask         testapp.o
    0x08018548   0x0000000e   Code   RO          868    i.osDelay           cmsis_os.o
    0x08018556   0x0000000a   Code   RO          871    i.osKernelStart     cmsis_os.o
    0x08018560   0x00000008   Code   RO          879    i.osMessageCreate   cmsis_os.o
    0x08018568   0x0000009e   Code   RO          880    i.osMessageGet      cmsis_os.o
    0x08018606   0x00000002   PAD
    0x08018608   0x0000005c   Code   RO          882    i.osMessagePut      cmsis_os.o
    0x08018664   0x00000006   Code   RO          883    i.osMutexCreate     cmsis_os.o
    0x0801866a   0x00000002   PAD
    0x0801866c   0x00000050   Code   RO          885    i.osMutexRelease    cmsis_os.o
    0x080186bc   0x00000068   Code   RO          886    i.osMutexWait       cmsis_os.o
    0x08018724   0x0000006a   Code   RO          887    i.osPoolAlloc       cmsis_os.o
    0x0801878e   0x00000010   Code   RO          888    i.osPoolCAlloc      cmsis_os.o
    0x0801879e   0x0000005e   Code   RO          889    i.osPoolCreate      cmsis_os.o
    0x080187fc   0x00000030   Code   RO          890    i.osPoolFree        cmsis_os.o
    0x0801882c   0x00000026   Code   RO          894    i.osSemaphoreCreate  cmsis_os.o
    0x08018852   0x00000018   Code   RO          895    i.osSemaphoreDelete  cmsis_os.o
    0x0801886a   0x00000002   PAD
    0x0801886c   0x00000050   Code   RO          896    i.osSemaphoreRelease  cmsis_os.o
    0x080188bc   0x00000068   Code   RO          897    i.osSemaphoreWait   cmsis_os.o
    0x08018924   0x00000014   Code   RO          900    i.osSystickHandler  cmsis_os.o
    0x08018938   0x00000038   Code   RO          901    i.osThreadCreate    cmsis_os.o
    0x08018970   0x00000004   Code   RO          902    i.osThreadGetId     cmsis_os.o
    0x08018974   0x00000012   Code   RO          906    i.osThreadResumeAll  cmsis_os.o
    0x08018986   0x0000000a   Code   RO          909    i.osThreadSuspendAll  cmsis_os.o
    0x08018990   0x00000024   Code   RO          912    i.osTimerCreate     cmsis_os.o
    0x080189b4   0x0000005c   Code   RO          914    i.osTimerStart      cmsis_os.o
    0x08018a10   0x00000058   Code   RO          915    i.osTimerStop       cmsis_os.o
    0x08018a68   0x0000002c   Code   RO         8585    i.pf_accel          testapp.o
    0x08018a94   0x0000002c   Code   RO         8586    i.pf_init           testapp.o
    0x08018ac0   0x0000002c   Code   RO         8587    i.pf_temper         testapp.o
    0x08018aec   0x00000012   Code   RO         8083    i.pmGetBattGauge    pmapi.o
    0x08018afe   0x00000022   Code   RO         8085    i.pmGetBattTempAdc  pmapi.o
    0x08018b20   0x00000022   Code   RO         8086    i.pmGetBattVbatAdc  pmapi.o
    0x08018b42   0x00000012   Code   RO         8087    i.pmGetChgPin       pmapi.o
    0x08018b54   0x0000001c   Code   RO         8088    i.pmGetMcuRccCsr    pmapi.o
    0x08018b70   0x00000012   Code   RO         8089    i.pmGetPwrKey       pmapi.o
    0x08018b82   0x00000004   Code   RO         8092    i.pmSetMcuOff       pmapi.o
    0x08018b86   0x00000004   Code   RO         8093    i.pmSetMcuReset     pmapi.o
    0x08018b8a   0x00000004   Code   RO         8094    i.pmSetPwrState     pmapi.o
    0x08018b8e   0x00000002   PAD
    0x08018b90   0x00000090   Code   RO         8095    i.pmUpdateBattInfo  pmapi.o
    0x08018c20   0x0000002c   Code   RO         8588    i.printf_Accel      testapp.o
    0x08018c4c   0x0000002c   Code   RO         8589    i.printf_AccelMv    testapp.o
    0x08018c78   0x00000038   Code   RO         8590    i.printf_IsInitial  testapp.o
    0x08018cb0   0x0000002c   Code   RO         8591    i.printf_temper     testapp.o
    0x08018cdc   0x00000034   Code   RO          122    i.prvAddCurrentTaskToDelayedList  tasks.o
    0x08018d10   0x00000070   Code   RO          569    i.prvCheckForValidListAndQueue  timers.o
    0x08018d80   0x00000054   Code   RO          123    i.prvCheckTasksWaitingTermination  tasks.o
    0x08018dd4   0x00000026   Code   RO          700    i.prvCopyDataFromQueue  queue.o
    0x08018dfa   0x0000006e   Code   RO          701    i.prvCopyDataToQueue  queue.o
    0x08018e68   0x00000024   Code   RO          124    i.prvGetExpectedIdleTime  tasks.o
    0x08018e8c   0x0000004c   Code   RO          509    i.prvHeapInit       heap_4.o
    0x08018ed8   0x00000070   Code   RO          125    i.prvIdleTask       tasks.o
    0x08018f48   0x0000004c   Code   RO          510    i.prvInsertBlockIntoFreeList  heap_4.o
    0x08018f94   0x00000038   Code   RO          570    i.prvInsertTimerInActiveList  timers.o
    0x08018fcc   0x000000d8   Code   RO          571    i.prvProcessReceivedCommands  timers.o
    0x080190a4   0x000000c4   Code   RO          572    i.prvProcessTimerOrBlockTask  timers.o
    0x08019168   0x00000020   Code   RO          127    i.prvResetNextTaskUnblockTime  tasks.o
    0x08019188   0x00000028   Code   RO          573    i.prvSampleTimeNow  timers.o
    0x080191b0   0x00000078   Code   RO          574    i.prvSwitchTimerLists  timers.o
    0x08019228   0x00000038   Code   RO          431    i.prvTaskExitError  port.o
    0x08019260   0x00000024   Code   RO          575    i.prvTimerTask      timers.o
    0x08019284   0x00000064   Code   RO          702    i.prvUnlockQueue    queue.o
    0x080192e8   0x000000f2   Code   RO         1521    i.put_fat           ff.o
    0x080193da   0x00000002   PAD
    0x080193dc   0x00000038   Code   RO         9514    i.put_out           gensrv.o
    0x08019414   0x0000010c   Code   RO          511    i.pvPortMalloc      heap_4.o
    0x08019520   0x00000018   Code   RO          129    i.pvTaskIncrementMutexHeldCount  tasks.o
    0x08019538   0x00000028   Code   RO          432    i.pxPortInitialiseStack  port.o
    0x08019560   0x00000014   Code   RO         7576    i.recursive         fmapi.o
    0x08019574   0x00000066   Code   RO         1523    i.remove_chain      ff.o
    0x080195da   0x00000002   PAD
    0x080195dc   0x00000064   Code   RO         8846    i.send_char_to_uart  uart.o
    0x08019640   0x00000098   Code   RO         8311    i.smAccMvDt         smapi.o
    0x080196d8   0x00000018   Code   RO         8313    i.smGetAccData      smapi.o
    0x080196f0   0x00000010   Code   RO         8315    i.smGetAccData_remove  smapi.o
    0x08019700   0x00000018   Code   RO         8316    i.smGetTempData     smapi.o
    0x08019718   0x00000054   Code   RO         8319    i.smSensorInt       smapi.o
    0x0801976c   0x000000c0   Code   RO         8320    i.smSetAccPwr       smapi.o
    0x0801982c   0x000000a4   Code   RO         8323    i.smSetTempPwr      smapi.o
    0x080198d0   0x00000608   Code   RO         8512    i.smTask            smsrv.o
    0x08019ed8   0x0000003c   Code   RO         8513    i.smTimer1Callback  smsrv.o
    0x08019f14   0x0000003c   Code   RO         8514    i.smTimer2Callback  smsrv.o
    0x08019f50   0x0000006e   Code   RO        10018    i.sqrt              m_wm.l(sqrt.o)
    0x08019fbe   0x00000010   Code   RO         1524    i.st_clust          ff.o
    0x08019fce   0x00000002   PAD
    0x08019fd0   0x00000038   Code   RO         8204    i.svPmGetBattGauge  pmsrv.o
    0x0801a008   0x000000c0   Code   RO         8205    i.svPmGetBattTempAdc  pmsrv.o
    0x0801a0c8   0x0000007c   Code   RO         8206    i.svPmGetBattVbatAdc  pmsrv.o
    0x0801a144   0x00000018   Code   RO         8207    i.svPmGetChgPin     pmsrv.o
    0x0801a15c   0x00000018   Code   RO         8208    i.svPmGetMcuRccCsr  pmsrv.o
    0x0801a174   0x0000001c   Code   RO         8209    i.svPmGetPwrKey     pmsrv.o
    0x0801a190   0x00000010   Code   RO         8210    i.svPmSetBattAdcOn  pmsrv.o
    0x0801a1a0   0x00000010   Code   RO         8211    i.svPmSetMcuOff     pmsrv.o
    0x0801a1b0   0x00000024   Code   RO         8212    i.svPmSetMcuReset   pmsrv.o
    0x0801a1d4   0x0000002a   Code   RO         8213    i.svPmSetPin        pmsrv.o
    0x0801a1fe   0x00000002   PAD
    0x0801a200   0x00000196   Code   RO         8214    i.svPmSetPwrState   pmsrv.o
    0x0801a396   0x000000a8   Code   RO         1525    i.sync_fs           ff.o
    0x0801a43e   0x00000052   Code   RO         1526    i.sync_window       ff.o
    0x0801a490   0x00000020   Code   RO         8847    i.uartPrintf        uart.o
    0x0801a4b0   0x00000054   Code   RO         8848    i.uartPrintfBlock   uart.o
    0x0801a504   0x0000001c   Code   RO         8849    i.uart_rx_disable   uart.o
    0x0801a520   0x00000028   Code   RO         8850    i.uart_rx_enable    uart.o
    0x0801a548   0x00000020   Code   RO         1527    i.unlock_fs         ff.o
    0x0801a568   0x00000024   Code   RO          658    i.uxListRemove      list.o
    0x0801a58c   0x0000001c   Code   RO         2317    i.vApplicationMallocFailedHook  freertos.o
    0x0801a5a8   0x0000001c   Code   RO         2318    i.vApplicationStackOverflowHook  freertos.o
    0x0801a5c4   0x00000016   Code   RO          659    i.vListInitialise   list.o
    0x0801a5da   0x00000006   Code   RO          660    i.vListInitialiseItem  list.o
    0x0801a5e0   0x00000030   Code   RO          661    i.vListInsert       list.o
    0x0801a610   0x00000018   Code   RO          662    i.vListInsertEnd    list.o
    0x0801a628   0x0000004c   Code   RO          434    i.vPortEnterCritical  port.o
    0x0801a674   0x00000038   Code   RO          435    i.vPortExitCritical  port.o
    0x0801a6ac   0x00000080   Code   RO          512    i.vPortFree         heap_4.o
    0x0801a72c   0x00000044   Code   RO          436    i.vPortSetupTimerInterrupt  port.o
    0x0801a770   0x000000e0   Code   RO          437    i.vPortSuppressTicksAndSleep  port.o
    0x0801a850   0x0000006c   Code   RO          438    i.vPortValidateInterruptPriority  port.o
    0x0801a8bc   0x00000028   Code   RO          708    i.vQueueAddToRegistry  queue.o
    0x0801a8e4   0x00000034   Code   RO          709    i.vQueueDelete      queue.o
    0x0801a918   0x00000024   Code   RO          711    i.vQueueUnregisterQueue  queue.o
    0x0801a93c   0x0000003c   Code   RO          712    i.vQueueWaitForMessageRestricted  queue.o
    0x0801a978   0x00000074   Code   RO          137    i.vTaskDelay        tasks.o
    0x0801a9ec   0x0000000c   Code   RO          140    i.vTaskMissedYield  tasks.o
    0x0801a9f8   0x00000070   Code   RO          142    i.vTaskPlaceOnEventList  tasks.o
    0x0801aa68   0x00000074   Code   RO          143    i.vTaskPlaceOnEventListRestricted  tasks.o
    0x0801aadc   0x00000084   Code   RO          145    i.vTaskPriorityInherit  tasks.o
    0x0801ab60   0x00000034   Code   RO          149    i.vTaskSetTimeOutState  tasks.o
    0x0801ab94   0x00000080   Code   RO          150    i.vTaskStartScheduler  tasks.o
    0x0801ac14   0x00000038   Code   RO          151    i.vTaskStepTick     tasks.o
    0x0801ac4c   0x00000010   Code   RO          153    i.vTaskSuspendAll   tasks.o
    0x0801ac5c   0x00000094   Code   RO          154    i.vTaskSwitchContext  tasks.o
    0x0801acf0   0x00000038   Code   RO         1528    i.validate          ff.o
    0x0801ad28   0x000000fc   Code   RO          439    i.xPortStartScheduler  port.o
    0x0801ae24   0x0000002c   Code   RO          440    i.xPortSysTickHandler  port.o
    0x0801ae50   0x0000004a   Code   RO          713    i.xQueueCreateMutex  queue.o
    0x0801ae9a   0x00000002   PAD
    0x0801ae9c   0x00000080   Code   RO          714    i.xQueueGenericCreate  queue.o
    0x0801af1c   0x00000188   Code   RO          715    i.xQueueGenericReceive  queue.o
    0x0801b0a4   0x00000090   Code   RO          716    i.xQueueGenericReset  queue.o
    0x0801b134   0x00000184   Code   RO          717    i.xQueueGenericSend  queue.o
    0x0801b2b8   0x000000d4   Code   RO          718    i.xQueueGenericSendFromISR  queue.o
    0x0801b38c   0x000000b8   Code   RO          719    i.xQueueGiveFromISR  queue.o
    0x0801b444   0x000000a0   Code   RO          723    i.xQueueReceiveFromISR  queue.o
    0x0801b4e4   0x00000080   Code   RO          155    i.xTaskCheckForTimeOut  tasks.o
    0x0801b564   0x000001da   Code   RO          156    i.xTaskGenericCreate  tasks.o
    0x0801b73e   0x00000002   PAD
    0x0801b740   0x0000000c   Code   RO          159    i.xTaskGetCurrentTaskHandle  tasks.o
    0x0801b74c   0x0000001c   Code   RO          160    i.xTaskGetSchedulerState  tasks.o
    0x0801b768   0x0000000c   Code   RO          161    i.xTaskGetTickCount  tasks.o
    0x0801b774   0x000000d8   Code   RO          163    i.xTaskIncrementTick  tasks.o
    0x0801b84c   0x000000ac   Code   RO          166    i.xTaskPriorityDisinherit  tasks.o
    0x0801b8f8   0x00000088   Code   RO          167    i.xTaskRemoveFromEventList  tasks.o
    0x0801b980   0x000000cc   Code   RO          169    i.xTaskResumeAll    tasks.o
    0x0801ba4c   0x00000058   Code   RO          578    i.xTimerCreate      timers.o
    0x0801baa4   0x0000005c   Code   RO          579    i.xTimerCreateTimerTask  timers.o
    0x0801bb00   0x0000007a   Code   RO          580    i.xTimerGenericCommand  timers.o
    0x0801bb7a   0x000001f7   Data   RO          172    .constdata          tasks.o
    0x0801bd71   0x0000007b   Data   RO          441    .constdata          port.o
    0x0801bdec   0x00000017   Data   RO          516    .constdata          heap_4.o
    0x0801be03   0x000000e6   Data   RO          583    .constdata          timers.o
    0x0801bee9   0x0000012c   Data   RO          725    .constdata          queue.o
    0x0801c015   0x00000001   PAD
    0x0801c016   0x000000ac   Data   RO         1530    .constdata          ff.o
    0x0801c0c2   0x0000003b   Data   RO         2319    .constdata          freertos.o
    0x0801c0fd   0x00000003   PAD
    0x0801c100   0x0000003c   Data   RO         2373    .constdata          main.o
    0x0801c13c   0x0000013a   Data   RO         2584    .constdata          stm32l4xx_hal_i2c.o
    0x0801c276   0x000000a5   Data   RO         2946    .constdata          stm32l4xx_hal_i2c_ex.o
    0x0801c31b   0x000000aa   Data   RO         3015    .constdata          stm32l4xx_hal_rtc.o
    0x0801c3c5   0x00000070   Data   RO         3149    .constdata          stm32l4xx_hal_pwr.o
    0x0801c435   0x000001ff   Data   RO         3275    .constdata          stm32l4xx_hal_adc_ex.o
    0x0801c634   0x0000008e   Data   RO         3472    .constdata          stm32l4xx_hal_uart.o
    0x0801c6c2   0x00000111   Data   RO         3735    .constdata          stm32l4xx_hal_pwr_ex.o
    0x0801c7d3   0x00000064   Data   RO         4154    .constdata          stm32l4xx_hal_rcc.o
    0x0801c837   0x00000082   Data   RO         4283    .constdata          stm32l4xx_hal_qspi.o
    0x0801c8b9   0x00000065   Data   RO         4562    .constdata          stm32l4xx_hal_gpio.o
    0x0801c91e   0x00000054   Data   RO         4624    .constdata          stm32l4xx_hal_crc_ex.o
    0x0801c972   0x0000055a   Data   RO         4788    .constdata          stm32l4xx_hal_tim.o
    0x0801cecc   0x0000003b   Data   RO         5338    .constdata          stm32l4xx_hal_dma.o
    0x0801cf07   0x000000e2   Data   RO         5441    .constdata          stm32l4xx_hal_rcc_ex.o
    0x0801cfe9   0x000000a5   Data   RO         5610    .constdata          stm32l4xx_hal_spi.o
    0x0801d08e   0x000000ce   Data   RO         5875    .constdata          stm32l4xx_hal_flash_ex.o
    0x0801d15c   0x00000053   Data   RO         5965    .constdata          stm32l4xx_hal_flash.o
    0x0801d1af   0x00000352   Data   RO         6097    .constdata          stm32l4xx_hal_tim_ex.o
    0x0801d501   0x0000001c   Data   RO         6319    .constdata          stm32l4xx_hal_crc.o
    0x0801d51d   0x000002a0   Data   RO         6421    .constdata          stm32l4xx_hal_lptim.o
    0x0801d7bd   0x0000009f   Data   RO         6687    .constdata          stm32l4xx_hal_cortex.o
    0x0801d85c   0x00000131   Data   RO         6822    .constdata          stm32l4xx_hal_adc.o
    0x0801d98d   0x0000013c   Data   RO         7018    .constdata          stm32l4xx_hal_rtc_ex.o
    0x0801dac9   0x00000003   PAD
    0x0801dacc   0x00000040   Data   RO         7231    .constdata          system_stm32l4xx.o
    0x0801db0c   0x00000008   Data   RO         7232    .constdata          system_stm32l4xx.o
    0x0801db14   0x0000004c   Data   RO         7811    .constdata          genapi.o
    0x0801db60   0x00000010   Data   RO         8096    .constdata          pmapi.o
    0x0801db70   0x00000012   Data   RO         8215    .constdata          pmsrv.o
    0x0801db82   0x00000002   PAD
    0x0801db84   0x00000010   Data   RO         8515    .constdata          smsrv.o
    0x0801db94   0x0000025c   Data   RO         8593    .constdata          testapp.o
    0x0801ddf0   0x00000088   Data   RO         9646    .constdata          m_wm.l(pow.o)
    0x0801de78   0x00000081   Data   RO         9667    .constdata          mc_w.l(ctype_o.o)
    0x0801def9   0x00000003   PAD
    0x0801defc   0x00000004   Data   RO         9668    .constdata          mc_w.l(ctype_o.o)
    0x0801df00   0x00000008   Data   RO        10015    .constdata          m_wm.l(qnan.o)
    0x0801df08   0x00000018   Data   RO         2374    .conststring        main.o
    0x0801df20   0x000002f0   Data   RO         8594    .conststring        testapp.o
    0x0801e210   0x00000030   Data   RO        10091    Region$$Table       anon$$obj.o


    Execution Region RW_IRAM2 (Base: 0x10000000, Size: 0x00008000, Max: 0x00008000, ABSOLUTE, UNINIT, COMPRESSED[0x00000104])

    Base Addr    Size         Type   Attr      Idx    E Section Name        Object

    0x10000000   0x00008000   Data   RW         7810    .ccm                genapi.o


    Execution Region RW_IRAM1 (Base: 0x20000000, Size: 0x00002358, Max: 0x00018000, ABSOLUTE, COMPRESSED[0x0000002c])

    Base Addr    Size         Type   Attr      Idx    E Section Name        Object

    0x20000000   0x00000038   Data   RW          173    .data               tasks.o
    0x20000038   0x00000018   Data   RW          442    .data               port.o
    0x20000050   0x00000018   Data   RW          517    .data               heap_4.o
    0x20000068   0x00000010   Data   RW          584    .data               timers.o
    0x20000078   0x00000008   Data   RW         1531    .data               ff.o
    0x20000080   0x00000001   Data   RW         1868    .data               user_diskio.o
    0x20000081   0x00000003   PAD
    0x20000084   0x00000014   Data   RW         1869    .data               user_diskio.o
    0x20000098   0x00000005   Data   RW         2280    .data               fatfs.o
    0x2000009d   0x00000003   PAD
    0x200000a0   0x00000010   Data   RW         2375    .data               main.o
    0x200000b0   0x00000004   Data   RW         3974    .data               stm32l4xx_hal.o
    0x200000b4   0x00000004   Data   RW         7233    .data               system_stm32l4xx.o
    0x200000b8   0x0000000c   Data   RW         7399    .data               cmapi.o
    0x200000c4   0x00000008   Data   RW         7578    .data               fmapi.o
    0x200000cc   0x0000000c   Data   RW         7812    .data               genapi.o
    0x200000d8   0x00000028   Data   RW         8097    .data               pmapi.o
    0x20000100   0x00000008   Data   RW         8326    .data               smapi.o
    0x20000108   0x00000016   Data   RW         8516    .data               smsrv.o
    0x2000011e   0x00000002   PAD
    0x20000120   0x00000008   Data   RW         8595    .data               testapp.o
    0x20000128   0x0000000a   Data   RW         8852    .data               uart.o
    0x20000132   0x00000002   Data   RW         9209    .data               lis2dh12_driver.o
    0x20000134   0x00000002   Data   RW         9515    .data               gensrv.o
    0x20000136   0x00000002   PAD
    0x20000138   0x00000004   Data   RW         9711    .data               mc_w.l(strtok.o)
    0x2000013c   0x00000004   Data   RW        10044    .data               mc_w.l(stdout.o)
    0x20000140   0x00000004   Data   RW        10054    .data               mc_w.l(errno.o)
    0x20000144   0x000000f0   Zero   RW          171    .bss                tasks.o
    0x20000234   0x00000028   Zero   RW          582    .bss                timers.o
    0x2000025c   0x00000040   Zero   RW          724    .bss                queue.o
    0x2000029c   0x00000060   Zero   RW         1529    .bss                ff.o
    0x200002fc   0x0000000c   Zero   RW         1817    .bss                ff_gen_drv.o
    0x20000308   0x0000003c   Zero   RW         2072    .bss                stm32l4xx_hal_timebase_tim.o
    0x20000344   0x00000470   Zero   RW         2367    .bss                main.o
    0x200007b4   0x00000048   Zero   RW         2368    .bss                main.o
    0x200007fc   0x00000048   Zero   RW         2369    .bss                main.o
    0x20000844   0x00000048   Zero   RW         2370    .bss                main.o
    0x2000088c   0x00000048   Zero   RW         2371    .bss                main.o
    0x200008d4   0x00000048   Zero   RW         2372    .bss                main.o
    0x2000091c   0x0000001c   Zero   RW         5964    .bss                stm32l4xx_hal_flash.o
    0x20000938   0x00000060   Zero   RW         7398    .bss                cmapi.o
    0x20000998   0x00000010   Zero   RW         7473    .bss                cmsrv.o
    0x200009a8   0x00001080   Zero   RW         7577    .bss                fmapi.o
    0x20001a28   0x00000020   Zero   RW         8592    .bss                testapp.o
    0x20001a48   0x00000110   Zero   RW         8851    .bss                uart.o
    0x20001b58   0x00000800   Zero   RW         7219    STACK               startup_stm32l476xx.o


==============================================================================

Image component sizes


      Code (inc. data)   RO Data    RW Data    ZI Data      Debug   Object Name

         0          0          0          0          0        916   bmapi.o
       576         54          0         12         96       6464   cmapi.o
      1330         48          0          0          0      32841   cmsis_os.o
       518         96          0          0         16       6651   cmsrv.o
         0          0          0          0          0       3232   croutine.o
       148         22          0          0          0       8137   diskio.o
         0          0          0          0          0      18776   event_groups.o
        32         10          0          5          0       1310   fatfs.o
      7208        132        172          8         96      41829   ff.o
        70          4          0          0         12       1555   ff_gen_drv.o
      2836       1090          0          8       4224      21309   fmapi.o
        60         12         59          0          0       2526   freertos.o
      1200        488         76      32812          0       7724   genapi.o
      1036         94          0          2          0      12163   gensrv.o
       548         34         23         24          0      13072   heap_4.o
      1216        136          0          0          0       8100   hts221_driver.o
      1482         32          0          2          0      22153   lis2dh12_driver.o
       136          0          0          0          0       8418   list.o
      2164        216         84         16       1496      22561   main.o
       108         56          0          0          0       1570   mmapi.o
       742        130         16         40          0       7997   pmapi.o
       964        116         18          0          0      33762   pmsrv.o
      1142        112        123         24          0      11082   port.o
      2118         64        300          0         64      22456   queue.o
      1696        254          0          8          0      20364   smapi.o
      1664        496         16         22          0       4783   smsrv.o
        36          8        392          0       2048        776   startup_stm32l476xx.o
        50         12          0          4          0       2772   stm32l4xx_hal.o
      4050        146        305          0          0      18726   stm32l4xx_hal_adc.o
       616         34        511          0          0      17059   stm32l4xx_hal_adc_ex.o
       372         36        159          0          0      33925   stm32l4xx_hal_cortex.o
       488         12         28          0          0       4180   stm32l4xx_hal_crc.o
       112          4         84          0          0       2526   stm32l4xx_hal_crc_ex.o
      1036         16         59          0          0       6827   stm32l4xx_hal_dma.o
       804        102         83          0         28       6529   stm32l4xx_hal_flash.o
       498         38        206          0          0       8346   stm32l4xx_hal_flash_ex.o
       830         82        101          0          0       6124   stm32l4xx_hal_gpio.o
      3242         96        314          0          0      31427   stm32l4xx_hal_i2c.o
       152         18        165          0          0       4421   stm32l4xx_hal_i2c_ex.o
       796         16        672          0          0      23075   stm32l4xx_hal_lptim.o
      1384        178          0          0          0       7781   stm32l4xx_hal_msp.o
       172         18        112          0          0       3782   stm32l4xx_hal_pwr.o
       304         56        273          0          0      10507   stm32l4xx_hal_pwr_ex.o
      4598         80        130          0          0      22286   stm32l4xx_hal_qspi.o
      2740        122        100          0          0       9508   stm32l4xx_hal_rcc.o
      2634         64        226          0          0       9754   stm32l4xx_hal_rcc_ex.o
      2218         36        170          0          0      12739   stm32l4xx_hal_rtc.o
       266          6        316          0          0      11526   stm32l4xx_hal_rtc_ex.o
       572         18        165          0          0       8517   stm32l4xx_hal_spi.o
      3732        484       1370          0          0      56703   stm32l4xx_hal_tim.o
       772         60        850          0          0      25064   stm32l4xx_hal_tim_ex.o
       116         18          0          0         60       1368   stm32l4xx_hal_timebase_tim.o
      2772        136        142          0          0      14459   stm32l4xx_hal_uart.o
         2          0          0          0          0        996   stm32l4xx_hal_uart_ex.o
       252         84          0          0          0      10543   stm32l4xx_it.o
        60          0          0          0          0     964120   syscall.o
        72         16         72          4          0       1373   system_stm32l4xx.o
      2658        268        503         56        240      36338   tasks.o
      5226       2194       1356          8         32      25885   testapp.o
      1078        108        230         16         40      16657   timers.o
       696         60          0         10        272       5717   uart.o
       302         16          0         21          0       7960   user_diskio.o

    ----------------------------------------------------------------------
     74818       8338      10038      33112       8724    1772047   Object Totals
         0          0         48          0          0          0   (incl. Generated)
       116          0          9         10          0          0   (incl. Padding)

    ----------------------------------------------------------------------

      Code (inc. data)   RO Data    RW Data    ZI Data      Debug   Library Member Name

       164         44          0          0          0        620   dunder.o
        24          0          0          0          0        124   fabs.o
        48          0          0          0          0        124   fpclassify.o
       248          0          0          0          0        152   poly.o
      3200        296        136          0          0        352   pow.o
         0          0          8          0          0          0   qnan.o
       110          0          0          0          0        148   sqrt.o
       176         22          0          0          0        156   trunc.o
        86          0          0          0          0          0   __dczerorl2.o
        28          0          0          0          0         68   _chval.o
       164          0          0          0          0         92   _strtoul.o
         8          4        133          0          0         68   ctype_o.o
         0          0          0          0          0          0   entry.o
         0          0          0          0          0          0   entry10a.o
         0          0          0          0          0          0   entry11a.o
         8          4          0          0          0          0   entry2.o
         4          0          0          0          0          0   entry5.o
         0          0          0          0          0          0   entry7b.o
         0          0          0          0          0          0   entry8b.o
         8          4          0          0          0          0   entry9a.o
        20         10          0          4          0        136   errno.o
        18          0          0          0          0         80   fputc.o
        30          0          0          0          0          0   handlers.o
        36          8          0          0          0         68   init.o
         0          0          0          0          0          0   iusefp.o
         0          0          0          0          0          0   iusesemip.o
        30          0          0          0          0         68   llshl.o
        36          0          0          0          0         68   llsshr.o
        32          0          0          0          0         68   llushr.o
        26          0          0          0          0         80   memcmp.o
        36          0          0          0          0         68   memcpya.o
        36          0          0          0          0        108   memseta.o
      2324        102          0          0          0        676   printfa.o
         0          0          0          0          0          0   semi.o
         0          0          0          4          0          0   stdout.o
        24          0          0          0          0         68   strcat.o
        28          0          0          0          0         76   strcmp.o
        18          0          0          0          0         68   strcpy.o
        14          0          0          0          0         68   strlen.o
        24          0          0          0          0         76   strncpy.o
        68          6          0          4          0         80   strtok.o
       120          0          0          0          0         92   strtoul.o
        44          0          0          0          0         80   uidiv.o
       104          0          0          0          0         92   uldiv.o
        48          0          0          0          0         68   cdcmple.o
        48          0          0          0          0         68   cdrcmple.o
        56          0          0          0          0         88   d2f.o
       350          0          0          0          0        148   dadd.o
       222          0          0          0          0        100   ddiv.o
       186          0          0          0          0        176   depilogue.o
        62          0          0          0          0         80   dfixi.o
        48          0          0          0          0         68   dfixul.o
        34          0          0          0          0         76   dflti.o
       234          0          0          0          0         96   dmul.o
       136          4          0          0          0         92   drnd.o
        46          0          0          0          0         80   dscalb.o
       162          0          0          0          0        100   dsqrt.o
        38          0          0          0          0         68   f2d.o
       110          0          0          0          0        168   fepilogue.o

    ----------------------------------------------------------------------
      9136        504        280         12          0       5500   Library Totals
        12          0          3          0          0          0   (incl. Padding)

    ----------------------------------------------------------------------

      Code (inc. data)   RO Data    RW Data    ZI Data      Debug   Library Name

      3970        362        144          0          0       1676   m_wm.l
      3374        138        133         12          0       2348   mc_w.l
      1780          4          0          0          0       1476   mf_w.l

    ----------------------------------------------------------------------
      9136        504        280         12          0       5500   Library Totals

    ----------------------------------------------------------------------

==============================================================================


      Code (inc. data)   RO Data    RW Data    ZI Data      Debug   

     83954       8842      10318      33124       8724    1717299   Grand Totals
     83954       8842      10318        336       8724    1717299   ELF Image Totals (compressed)
     83954       8842      10318        336          0          0   ROM Totals

==============================================================================

    Total RO  Size (Code + RO Data)                94272 (  92.06kB)
    Total RW  Size (RW Data + ZI Data)             41848 (  40.87kB)
    Total ROM Size (Code + RO Data + RW Data)      94608 (  92.39kB)

==============================================================================

