<html>
<body>
<pre>
<h1>µVision Build Log</h1>
<h2>Tool Versions:</h2>
IDE-Version: £gVision V5.20.0.0
Copyright (C) 2016 ARM Ltd and ARM Germany GmbH. All rights reserved.
License Information: webber sun, pega, LIC=BUUPC-7JTHM-X6QQZ-J6Q05-CQL6C-NB0JS
 
Tool Versions:
Toolchain:       MDK-ARM Plus  Version: 5.20
Toolchain Path:  D:\Keil_v5\ARM\ARMCC\Bin
C Compiler:      Armcc.exe V5.06 update 2 (build 183)
Assembler:       Armasm.exe V5.06 update 2 (build 183)
Linker/Locator:  ArmLink.exe V5.06 update 2 (build 183)
Library Manager: ArmAr.exe V5.06 update 2 (build 183)
Hex Converter:   FromElf.exe V5.06 update 2 (build 183)
CPU DLL:         SARMCM3.DLL V5.20
Dialog DLL:      DCM.DLL V1.13.7.0
Target DLL:      STLink\ST-LINKIII-KEIL_SWO.dll V2.0.18.0
Dialog DLL:      TCM.DLL V1.14.9.0
 
<h2>Project:</h2>
E:\TRK_Src\MDK-ARM\TRK_Src.uvprojx
Project File Date:  10/06/2016

<h2>Output:</h2>
*** Using Compiler 'V5.06 update 2 (build 183)', folder: 'D:\Keil_v5\ARM\ARMCC\Bin'
Build target 'TRK_Src'
compiling fmApi.c...
..\ODM\fmApi.c(798): warning:  #111-D: statement is unreachable
  	  return pdTRUE;
..\ODM\fmApi.c(785): warning:  #177-D: variable "Dbuf" was declared but never referenced
  		unsigned char Dbuf[256],cnt=0;
..\ODM\fmApi.c(785): warning:  #177-D: variable "cnt" was declared but never referenced
  		unsigned char Dbuf[256],cnt=0;
..\ODM\fmApi.c(804): warning:  #177-D: variable "i" was declared but never referenced
  	  unsigned int checksum=0,bksum=0,i=0;
..\ODM\fmApi.c(805): warning:  #177-D: variable "Dbuf" was declared but never referenced
  		unsigned char Dbuf[256],bkbuf[256],cnt;
..\ODM\fmApi.c(805): warning:  #177-D: variable "bkbuf" was declared but never referenced
  		unsigned char Dbuf[256],bkbuf[256],cnt;
..\ODM\fmApi.c(805): warning:  #177-D: variable "cnt" was declared but never referenced
  		unsigned char Dbuf[256],bkbuf[256],cnt;
..\ODM\fmApi.c(806): warning:  #550-D: variable "pChk" was set but never used
  		uint8_t* pChk;
..\ODM\fmApi.c(860): warning:  #940-D: missing return statement at end of non-void function "f_sckfat12"
  }	
..\ODM\fmApi.c(826): warning:  #177-D: variable "i" was declared but never referenced
  		   int i=0;
..\ODM\fmApi.c(828): warning:  #177-D: variable "Attr" was declared but never referenced
  			 uint8_t Attr=0;
..\ODM\fmApi.c(829): warning:  #177-D: variable "clst" was declared but never referenced
  			 uint16_t clst=0; 
..\ODM\fmApi.c(830): warning:  #177-D: variable "Filesize" was declared but never referenced
  			 uint32_t Filesize=0; 
..\ODM\fmApi.c(831): warning:  #177-D: variable "nclust" was declared but never referenced
  			 uint32_t nclust =0;
..\ODM\fmApi.c(1028): warning:  #546-D: transfer of control bypasses initialization of:
            variable "num" (declared at line 1248)
  		goto err1;
  		^
..\ODM\fmApi.c(1037): warning:  #546-D: transfer of control bypasses initialization of:
            variable "num" (declared at line 1248)
  		goto err1;
  		^
..\ODM\fmApi.c(1045): warning:  #546-D: transfer of control bypasses initialization of:
            variable "num" (declared at line 1248)
  		goto err1;
  		^
..\ODM\fmApi.c(1050): warning:  #546-D: transfer of control bypasses initialization of:
            variable "num" (declared at line 1248)
  		goto err1;
  		^
..\ODM\fmApi.c(1076): warning:  #546-D: transfer of control bypasses initialization of:
            variable "num" (declared at line 1248)
  		goto err1;
  		^
..\ODM\fmApi.c(1084): warning:  #546-D: transfer of control bypasses initialization of:
            variable "num" (declared at line 1248)
  		goto err1;	
  		^
..\ODM\fmApi.c(1095): warning:  #546-D: transfer of control bypasses initialization of:
            variable "num" (declared at line 1248)
  		goto err1;	
  		^
..\ODM\fmApi.c(1103): warning:  #546-D: transfer of control bypasses initialization of:
            variable "num" (declared at line 1248)
  		goto err1;
  		^
..\ODM\fmApi.c(1111): warning:  #546-D: transfer of control bypasses initialization of:
            variable "num" (declared at line 1248)
  		goto err1;	
  		^
..\ODM\fmApi.c(1122): warning:  #546-D: transfer of control bypasses initialization of:
            variable "num" (declared at line 1248)
  		goto err1;	
  		^
..\ODM\fmApi.c(1161): warning:  #546-D: transfer of control bypasses initialization of:
            variable "num" (declared at line 1248)
  		goto err1;	
  		^
..\ODM\fmApi.c(1190): warning:  #546-D: transfer of control bypasses initialization of:
            variable "num" (declared at line 1248)
  		goto err1;
  		^
..\ODM\fmApi.c(1198): warning:  #546-D: transfer of control bypasses initialization of:
            variable "num" (declared at line 1248)
  		goto err1;
  		^
..\ODM\fmApi.c(1239): warning:  #546-D: transfer of control bypasses initialization of:
            variable "num" (declared at line 1248)
  		goto err1;
  		^
..\ODM\fmApi.c: 28 warnings, 0 errors
linking...
Program Size: Code=83954 RO-data=10318 RW-data=33124 ZI-data=8724  
After Build - User command #1: D:\Keil_v5\\ARM\ARMCC\bin\fromelf.exe --bin --output=TRK_Src.bin TRK_Src\TRK_Src.axf
"TRK_Src\TRK_Src.axf" - 0 Error(s), 28 Warning(s).

<h2>Software Packages used:</h2>

Package Vendor: ARM
                http://www.keil.com/pack/ARM.CMSIS.4.5.0.pack
                ARM::CMSIS:CORE:4.3.0
                CMSIS (Cortex Microcontroller Software Interface Standard)
   * Component: CORE Version: 4.3.0

<h2>Collection of Component include folders:</h2>
  E:\TRK_Src\MDK-ARM\RTE
  D:\Keil_v5\ARM\PACK\ARM\CMSIS\4.5.0\CMSIS\Include
  D:\Keil_v5\ARM\PACK\Keil\STM32L4xx_DFP\1.2.0\Device\Include

<h2>Collection of Component Files used:</h2>

   * Component: ARM::CMSIS:CORE:4.3.0
Build Time Elapsed:  00:00:06
</pre>
</body>
</html>
